Archive member included because of file (symbol)

c:/program files (x86)/atmel/atmel toolchain/avr32 gcc/native/3.4.2.1002/avr32-gnu-toolchain/bin/../lib/gcc/avr32/4.4.7/ucr1\libgcc.a(_avr32_f64_addsub.o)
                              src/uart_uc3.o (__avr32_f64_add)
c:/program files (x86)/atmel/atmel toolchain/avr32 gcc/native/3.4.2.1002/avr32-gnu-toolchain/bin/../lib/gcc/avr32/4.4.7/ucr1\libgcc.a(_avr32_f64_to_s32.o)
                              src/uart_uc3.o (__avr32_f64_to_u32)
c:/program files (x86)/atmel/atmel toolchain/avr32 gcc/native/3.4.2.1002/avr32-gnu-toolchain/bin/../lib/gcc/avr32/4.4.7/ucr1\libgcc.a(_avr32_s32_to_f64.o)
                              src/uart_uc3.o (__avr32_u32_to_f64)
c:/program files (x86)/atmel/atmel toolchain/avr32 gcc/native/3.4.2.1002/avr32-gnu-toolchain/bin/../lib/gcc/avr32/4.4.7/../../../../avr32/lib/ucr1\libc.a(lib_a-memcpy.o)
                              src/ASF/avr32/drivers/flashc/flashc.o (memcpy)

Allocating common symbols
Common symbol       size              file

udd_g_ctrlreq       0x18              src/ASF/avr32/drivers/usbb/usbb_device.o
sleepmgr_locks      0x7               src/ASF/common/services/sleepmgr/uc3/sleepmgr.o

Discarded input sections

 .text          0x00000000        0x0 src/ASF/common/services/usb/class/cdc/device/example/at32uc3b0256_evk1101/ui.o
 .data          0x00000000        0x0 src/ASF/common/services/usb/class/cdc/device/example/at32uc3b0256_evk1101/ui.o
 .bss           0x00000000        0x0 src/ASF/common/services/usb/class/cdc/device/example/at32uc3b0256_evk1101/ui.o
 .debug_abbrev  0x00000000       0x9e src/ASF/common/services/usb/class/cdc/device/example/at32uc3b0256_evk1101/ui.o
 .debug_info    0x00000000      0x1f6 src/ASF/common/services/usb/class/cdc/device/example/at32uc3b0256_evk1101/ui.o
 .debug_line    0x00000000      0xb4d src/ASF/common/services/usb/class/cdc/device/example/at32uc3b0256_evk1101/ui.o
 .debug_macinfo
                0x00000000    0xdcb04 src/ASF/common/services/usb/class/cdc/device/example/at32uc3b0256_evk1101/ui.o
 .text.ui_init  0x00000000       0x2c src/ASF/common/services/usb/class/cdc/device/example/at32uc3b0256_evk1101/ui.o
 .text.ui_powerdown
                0x00000000       0x28 src/ASF/common/services/usb/class/cdc/device/example/at32uc3b0256_evk1101/ui.o
 .text.ui_wakeup
                0x00000000       0x14 src/ASF/common/services/usb/class/cdc/device/example/at32uc3b0256_evk1101/ui.o
 .text.ui_com_open
                0x00000000       0x20 src/ASF/common/services/usb/class/cdc/device/example/at32uc3b0256_evk1101/ui.o
 .text.ui_com_close
                0x00000000       0x24 src/ASF/common/services/usb/class/cdc/device/example/at32uc3b0256_evk1101/ui.o
 .text.ui_com_rx_start
                0x00000000       0x14 src/ASF/common/services/usb/class/cdc/device/example/at32uc3b0256_evk1101/ui.o
 .text.ui_com_rx_stop
                0x00000000       0x14 src/ASF/common/services/usb/class/cdc/device/example/at32uc3b0256_evk1101/ui.o
 .text.ui_com_tx_start
                0x00000000       0x14 src/ASF/common/services/usb/class/cdc/device/example/at32uc3b0256_evk1101/ui.o
 .text.ui_com_tx_stop
                0x00000000       0x14 src/ASF/common/services/usb/class/cdc/device/example/at32uc3b0256_evk1101/ui.o
 .text.ui_com_error
                0x00000000       0x1c src/ASF/common/services/usb/class/cdc/device/example/at32uc3b0256_evk1101/ui.o
 .text.ui_com_overflow
                0x00000000        0xa src/ASF/common/services/usb/class/cdc/device/example/at32uc3b0256_evk1101/ui.o
 .text.ui_process
                0x00000000       0x78 src/ASF/common/services/usb/class/cdc/device/example/at32uc3b0256_evk1101/ui.o
 .debug_frame   0x00000000      0x160 src/ASF/common/services/usb/class/cdc/device/example/at32uc3b0256_evk1101/ui.o
 .debug_loc     0x00000000      0x204 src/ASF/common/services/usb/class/cdc/device/example/at32uc3b0256_evk1101/ui.o
 .debug_pubnames
                0x00000000       0xe0 src/ASF/common/services/usb/class/cdc/device/example/at32uc3b0256_evk1101/ui.o
 .debug_aranges
                0x00000000       0x78 src/ASF/common/services/usb/class/cdc/device/example/at32uc3b0256_evk1101/ui.o
 .debug_ranges  0x00000000       0x70 src/ASF/common/services/usb/class/cdc/device/example/at32uc3b0256_evk1101/ui.o
 .debug_str     0x00000000      0x1e6 src/ASF/common/services/usb/class/cdc/device/example/at32uc3b0256_evk1101/ui.o
 .comment       0x00000000       0x31 src/ASF/common/services/usb/class/cdc/device/example/at32uc3b0256_evk1101/ui.o
 .text          0x00000000        0x0 src/ASF/avr32/boards/evk1101/init.o
 .data          0x00000000        0x0 src/ASF/avr32/boards/evk1101/init.o
 .bss           0x00000000        0x0 src/ASF/avr32/boards/evk1101/init.o
 .text          0x00000000        0x0 src/ASF/avr32/boards/evk1101/led.o
 .data          0x00000000        0x0 src/ASF/avr32/boards/evk1101/led.o
 .bss           0x00000000        0x0 src/ASF/avr32/boards/evk1101/led.o
 .debug_abbrev  0x00000000      0x219 src/ASF/avr32/boards/evk1101/led.o
 .debug_info    0x00000000      0xf20 src/ASF/avr32/boards/evk1101/led.o
 .debug_line    0x00000000      0x7f9 src/ASF/avr32/boards/evk1101/led.o
 .debug_macinfo
                0x00000000    0xd7141 src/ASF/avr32/boards/evk1101/led.o
 .rodata.LED_DESCRIPTOR
                0x00000000       0x40 src/ASF/avr32/boards/evk1101/led.o
 .data.LED_State
                0x00000000        0x4 src/ASF/avr32/boards/evk1101/led.o
 .text.LED_Read_Display
                0x00000000       0x14 src/ASF/avr32/boards/evk1101/led.o
 .text.LED_Display
                0x00000000       0xac src/ASF/avr32/boards/evk1101/led.o
 .text.LED_Read_Display_Mask
                0x00000000       0x24 src/ASF/avr32/boards/evk1101/led.o
 .text.LED_Display_Mask
                0x00000000      0x100 src/ASF/avr32/boards/evk1101/led.o
 .text.LED_Test
                0x00000000       0x28 src/ASF/avr32/boards/evk1101/led.o
 .text.LED_Off  0x00000000       0xb8 src/ASF/avr32/boards/evk1101/led.o
 .text.LED_On   0x00000000       0xb4 src/ASF/avr32/boards/evk1101/led.o
 .text.LED_Toggle
                0x00000000       0xb4 src/ASF/avr32/boards/evk1101/led.o
 .text.LED_Read_Display_Field
                0x00000000       0x30 src/ASF/avr32/boards/evk1101/led.o
 .text.LED_Display_Field
                0x00000000       0x38 src/ASF/avr32/boards/evk1101/led.o
 .text.LED_Get_Intensity
                0x00000000       0x84 src/ASF/avr32/boards/evk1101/led.o
 .text.LED_Set_Intensity
                0x00000000      0x168 src/ASF/avr32/boards/evk1101/led.o
 .debug_frame   0x00000000      0x160 src/ASF/avr32/boards/evk1101/led.o
 .debug_loc     0x00000000      0x204 src/ASF/avr32/boards/evk1101/led.o
 .debug_pubnames
                0x00000000       0xf6 src/ASF/avr32/boards/evk1101/led.o
 .debug_aranges
                0x00000000       0x78 src/ASF/avr32/boards/evk1101/led.o
 .debug_ranges  0x00000000       0x70 src/ASF/avr32/boards/evk1101/led.o
 .debug_str     0x00000000      0x4a3 src/ASF/avr32/boards/evk1101/led.o
 .comment       0x00000000       0x31 src/ASF/avr32/boards/evk1101/led.o
 .text          0x00000000        0x0 src/ASF/avr32/drivers/flashc/flashc.o
 .data          0x00000000        0x0 src/ASF/avr32/drivers/flashc/flashc.o
 .bss           0x00000000        0x0 src/ASF/avr32/drivers/flashc/flashc.o
 .text.flashc_get_page_count
                0x00000000       0x18 src/ASF/avr32/drivers/flashc/flashc.o
 .text.flashc_get_page_count_per_region
                0x00000000       0x18 src/ASF/avr32/drivers/flashc/flashc.o
 .text.flashc_get_page_region
                0x00000000       0x3c src/ASF/avr32/drivers/flashc/flashc.o
 .text.flashc_get_region_first_page_number
                0x00000000       0x28 src/ASF/avr32/drivers/flashc/flashc.o
 .text.flashc_get_wait_state
                0x00000000       0x18 src/ASF/avr32/drivers/flashc/flashc.o
 .text.flashc_is_ready_int_enabled
                0x00000000       0x18 src/ASF/avr32/drivers/flashc/flashc.o
 .text.flashc_enable_ready_int
                0x00000000       0x3e src/ASF/avr32/drivers/flashc/flashc.o
 .text.flashc_is_lock_error_int_enabled
                0x00000000       0x1a src/ASF/avr32/drivers/flashc/flashc.o
 .text.flashc_enable_lock_error_int
                0x00000000       0x3e src/ASF/avr32/drivers/flashc/flashc.o
 .text.flashc_is_prog_error_int_enabled
                0x00000000       0x1a src/ASF/avr32/drivers/flashc/flashc.o
 .text.flashc_enable_prog_error_int
                0x00000000       0x3e src/ASF/avr32/drivers/flashc/flashc.o
 .text.flashc_is_lock_error
                0x00000000       0x1c src/ASF/avr32/drivers/flashc/flashc.o
 .text.flashc_is_programming_error
                0x00000000       0x1c src/ASF/avr32/drivers/flashc/flashc.o
 .text.flashc_get_command
                0x00000000       0x16 src/ASF/avr32/drivers/flashc/flashc.o
 .text.flashc_get_page_number
                0x00000000       0x1c src/ASF/avr32/drivers/flashc/flashc.o
 .text.flashc_no_operation
                0x00000000       0x18 src/ASF/avr32/drivers/flashc/flashc.o
 .text.flashc_erase_all
                0x00000000       0x18 src/ASF/avr32/drivers/flashc/flashc.o
 .text.flashc_is_security_bit_active
                0x00000000       0x1a src/ASF/avr32/drivers/flashc/flashc.o
 .text.flashc_activate_security_bit
                0x00000000       0x18 src/ASF/avr32/drivers/flashc/flashc.o
 .text.flashc_get_bootloader_protected_size
                0x00000000       0x40 src/ASF/avr32/drivers/flashc/flashc.o
 .text.flashc_set_bootloader_protected_size
                0x00000000       0x9c src/ASF/avr32/drivers/flashc/flashc.o
 .text.flashc_is_external_privileged_fetch_locked
                0x00000000       0x20 src/ASF/avr32/drivers/flashc/flashc.o
 .text.flashc_lock_external_privileged_fetch
                0x00000000       0x2c src/ASF/avr32/drivers/flashc/flashc.o
 .text.flashc_is_page_region_locked
                0x00000000       0x30 src/ASF/avr32/drivers/flashc/flashc.o
 .text.flashc_is_region_locked
                0x00000000       0x32 src/ASF/avr32/drivers/flashc/flashc.o
 .text.flashc_lock_page_region
                0x00000000       0x38 src/ASF/avr32/drivers/flashc/flashc.o
 .text.flashc_lock_region
                0x00000000       0x38 src/ASF/avr32/drivers/flashc/flashc.o
 .text.flashc_lock_all_regions
                0x00000000       0x64 src/ASF/avr32/drivers/flashc/flashc.o
 .text.flashc_read_gp_fuse_bit
                0x00000000       0x60 src/ASF/avr32/drivers/flashc/flashc.o
 .text.flashc_read_gp_fuse_bitfield
                0x00000000       0xcc src/ASF/avr32/drivers/flashc/flashc.o
 .text.flashc_read_gp_fuse_byte
                0x00000000       0x60 src/ASF/avr32/drivers/flashc/flashc.o
 .text.flashc_read_all_gp_fuses
                0x00000000       0x34 src/ASF/avr32/drivers/flashc/flashc.o
 .text.flashc_erase_gp_fuse_bit
                0x00000000       0x4c src/ASF/avr32/drivers/flashc/flashc.o
 .text.flashc_erase_gp_fuse_bitfield
                0x00000000      0x118 src/ASF/avr32/drivers/flashc/flashc.o
 .text.flashc_erase_gp_fuse_byte
                0x00000000       0xdc src/ASF/avr32/drivers/flashc/flashc.o
 .text.flashc_erase_all_gp_fuses
                0x00000000       0x48 src/ASF/avr32/drivers/flashc/flashc.o
 .text.flashc_write_gp_fuse_bit
                0x00000000       0x38 src/ASF/avr32/drivers/flashc/flashc.o
 .text.flashc_write_gp_fuse_bitfield
                0x00000000       0xcc src/ASF/avr32/drivers/flashc/flashc.o
 .text.flashc_write_gp_fuse_byte
                0x00000000       0x38 src/ASF/avr32/drivers/flashc/flashc.o
 .text.flashc_write_all_gp_fuses
                0x00000000       0x80 src/ASF/avr32/drivers/flashc/flashc.o
 .text.flashc_set_gp_fuse_bit
                0x00000000       0x44 src/ASF/avr32/drivers/flashc/flashc.o
 .text.flashc_set_gp_fuse_bitfield
                0x00000000       0xcc src/ASF/avr32/drivers/flashc/flashc.o
 .text.flashc_set_gp_fuse_byte
                0x00000000       0x78 src/ASF/avr32/drivers/flashc/flashc.o
 .text.flashc_set_all_gp_fuses
                0x00000000       0x6c src/ASF/avr32/drivers/flashc/flashc.o
 .text.flashc_erase_all_pages
                0x00000000       0x88 src/ASF/avr32/drivers/flashc/flashc.o
 .text          0x00000000        0x0 src/ASF/avr32/drivers/gpio/gpio.o
 .data          0x00000000        0x0 src/ASF/avr32/drivers/gpio/gpio.o
 .bss           0x00000000        0x0 src/ASF/avr32/drivers/gpio/gpio.o
 .text.gpio_enable_gpio
                0x00000000       0x50 src/ASF/avr32/drivers/gpio/gpio.o
 .text.gpio_enable_gpio_pin
                0x00000000       0x50 src/ASF/avr32/drivers/gpio/gpio.o
 .text.gpio_enable_pin_pull_up
                0x00000000       0x3a src/ASF/avr32/drivers/gpio/gpio.o
 .text.gpio_disable_pin_pull_up
                0x00000000       0x3a src/ASF/avr32/drivers/gpio/gpio.o
 .text.gpio_configure_group
                0x00000000      0x114 src/ASF/avr32/drivers/gpio/gpio.o
 .text.gpio_get_pin_value
                0x00000000       0x3c src/ASF/avr32/drivers/gpio/gpio.o
 .text.gpio_get_gpio_pin_output_value
                0x00000000       0x3c src/ASF/avr32/drivers/gpio/gpio.o
 .text.gpio_get_gpio_open_drain_pin_output_value
                0x00000000       0x3e src/ASF/avr32/drivers/gpio/gpio.o
 .text.gpio_set_gpio_pin
                0x00000000       0x68 src/ASF/avr32/drivers/gpio/gpio.o
 .text.gpio_set_pin_high
                0x00000000       0x3a src/ASF/avr32/drivers/gpio/gpio.o
 .text.gpio_set_group_high
                0x00000000       0x30 src/ASF/avr32/drivers/gpio/gpio.o
 .text.gpio_set_pin_low
                0x00000000       0x3a src/ASF/avr32/drivers/gpio/gpio.o
 .text.gpio_clr_gpio_pin
                0x00000000       0x68 src/ASF/avr32/drivers/gpio/gpio.o
 .text.gpio_set_group_low
                0x00000000       0x30 src/ASF/avr32/drivers/gpio/gpio.o
 .text.gpio_tgl_gpio_pin
                0x00000000       0x68 src/ASF/avr32/drivers/gpio/gpio.o
 .text.gpio_toggle_pin
                0x00000000       0x3a src/ASF/avr32/drivers/gpio/gpio.o
 .text.gpio_toggle_group
                0x00000000       0x30 src/ASF/avr32/drivers/gpio/gpio.o
 .text.gpio_set_gpio_open_drain_pin
                0x00000000       0x50 src/ASF/avr32/drivers/gpio/gpio.o
 .text.gpio_clr_gpio_open_drain_pin
                0x00000000       0x68 src/ASF/avr32/drivers/gpio/gpio.o
 .text.gpio_tgl_gpio_open_drain_pin
                0x00000000       0x68 src/ASF/avr32/drivers/gpio/gpio.o
 .text.gpio_enable_pin_glitch_filter
                0x00000000       0x3a src/ASF/avr32/drivers/gpio/gpio.o
 .text.gpio_disable_pin_glitch_filter
                0x00000000       0x3a src/ASF/avr32/drivers/gpio/gpio.o
 .text.gpio_configure_edge_detector
                0x00000000       0xd4 src/ASF/avr32/drivers/gpio/gpio.o
 .text.gpio_enable_pin_interrupt
                0x00000000       0x74 src/ASF/avr32/drivers/gpio/gpio.o
 .text.gpio_disable_pin_interrupt
                0x00000000       0x3a src/ASF/avr32/drivers/gpio/gpio.o
 .text.gpio_get_pin_interrupt_flag
                0x00000000       0x3e src/ASF/avr32/drivers/gpio/gpio.o
 .text.gpio_clear_pin_interrupt_flag
                0x00000000       0x3a src/ASF/avr32/drivers/gpio/gpio.o
 .text          0x00000000        0x0 src/ASF/avr32/drivers/intc/exception.o
 .data          0x00000000        0x0 src/ASF/avr32/drivers/intc/exception.o
 .bss           0x00000000        0x0 src/ASF/avr32/drivers/intc/exception.o
 .text          0x00000000        0x0 src/ASF/avr32/drivers/intc/intc.o
 .data          0x00000000        0x0 src/ASF/avr32/drivers/intc/intc.o
 .bss           0x00000000        0x0 src/ASF/avr32/drivers/intc/intc.o
 .text          0x00000000        0x0 src/ASF/avr32/drivers/pm/pm.o
 .data          0x00000000        0x0 src/ASF/avr32/drivers/pm/pm.o
 .bss           0x00000000        0x0 src/ASF/avr32/drivers/pm/pm.o
 .debug_abbrev  0x00000000      0x235 src/ASF/avr32/drivers/pm/pm.o
 .debug_info    0x00000000     0x1ac3 src/ASF/avr32/drivers/pm/pm.o
 .debug_line    0x00000000      0xa50 src/ASF/avr32/drivers/pm/pm.o
 .debug_macinfo
                0x00000000    0xd5fdd src/ASF/avr32/drivers/pm/pm.o
 .text.cpu_irq_is_enabled_flags
                0x00000000       0x20 src/ASF/avr32/drivers/pm/pm.o
 .text.pm_set_osc0_mode
                0x00000000       0x4a src/ASF/avr32/drivers/pm/pm.o
 .text.pm_enable_osc0_ext_clock
                0x00000000       0x20 src/ASF/avr32/drivers/pm/pm.o
 .text.pm_enable_osc0_crystal
                0x00000000       0x64 src/ASF/avr32/drivers/pm/pm.o
 .text.pm_enable_clk0
                0x00000000       0x34 src/ASF/avr32/drivers/pm/pm.o
 .text.pm_disable_clk0
                0x00000000       0x22 src/ASF/avr32/drivers/pm/pm.o
 .text.pm_enable_clk0_no_wait
                0x00000000       0x5a src/ASF/avr32/drivers/pm/pm.o
 .text.pm_wait_for_clk0_ready
                0x00000000       0x1e src/ASF/avr32/drivers/pm/pm.o
 .text.pm_set_osc1_mode
                0x00000000       0x4a src/ASF/avr32/drivers/pm/pm.o
 .text.pm_enable_osc1_ext_clock
                0x00000000       0x20 src/ASF/avr32/drivers/pm/pm.o
 .text.pm_enable_osc1_crystal
                0x00000000       0x64 src/ASF/avr32/drivers/pm/pm.o
 .text.pm_enable_clk1
                0x00000000       0x34 src/ASF/avr32/drivers/pm/pm.o
 .text.pm_disable_clk1
                0x00000000       0x22 src/ASF/avr32/drivers/pm/pm.o
 .text.pm_enable_clk1_no_wait
                0x00000000       0x5a src/ASF/avr32/drivers/pm/pm.o
 .text.pm_wait_for_clk1_ready
                0x00000000       0x1e src/ASF/avr32/drivers/pm/pm.o
 .text.pm_set_osc32_mode
                0x00000000       0x4a src/ASF/avr32/drivers/pm/pm.o
 .text.pm_enable_osc32_ext_clock
                0x00000000       0x20 src/ASF/avr32/drivers/pm/pm.o
 .text.pm_enable_osc32_crystal
                0x00000000       0x20 src/ASF/avr32/drivers/pm/pm.o
 .text.pm_enable_clk32
                0x00000000       0x34 src/ASF/avr32/drivers/pm/pm.o
 .text.pm_disable_clk32
                0x00000000       0x22 src/ASF/avr32/drivers/pm/pm.o
 .text.pm_enable_clk32_no_wait
                0x00000000       0x58 src/ASF/avr32/drivers/pm/pm.o
 .text.pm_wait_for_clk32_ready
                0x00000000       0x1e src/ASF/avr32/drivers/pm/pm.o
 .text.pm_cksel_get
                0x00000000       0x22 src/ASF/avr32/drivers/pm/pm.o
 .text.pm_cksel_set
                0x00000000       0x2c src/ASF/avr32/drivers/pm/pm.o
 .text.pm_cksel
                0x00000000      0x10a src/ASF/avr32/drivers/pm/pm.o
 .text.pm_gc_setup
                0x00000000       0x94 src/ASF/avr32/drivers/pm/pm.o
 .text.pm_gc_enable
                0x00000000       0x36 src/ASF/avr32/drivers/pm/pm.o
 .text.pm_gc_disable
                0x00000000       0x36 src/ASF/avr32/drivers/pm/pm.o
 .text.pm_pll_setup
                0x00000000       0xa4 src/ASF/avr32/drivers/pm/pm.o
 .text.pm_pll_set_option
                0x00000000       0x8a src/ASF/avr32/drivers/pm/pm.o
 .text.pm_pll_get_option
                0x00000000       0x2c src/ASF/avr32/drivers/pm/pm.o
 .text.pm_pll_enable
                0x00000000       0x36 src/ASF/avr32/drivers/pm/pm.o
 .text.pm_pll_disable
                0x00000000       0x36 src/ASF/avr32/drivers/pm/pm.o
 .text.pm_wait_for_pll0_locked
                0x00000000       0x1e src/ASF/avr32/drivers/pm/pm.o
 .text.pm_wait_for_pll1_locked
                0x00000000       0x1e src/ASF/avr32/drivers/pm/pm.o
 .text.pm_get_clock
                0x00000000       0x2e src/ASF/avr32/drivers/pm/pm.o
 .text.pm_switch_to_clock
                0x00000000       0x4a src/ASF/avr32/drivers/pm/pm.o
 .text.pm_switch_to_osc0
                0x00000000       0x48 src/ASF/avr32/drivers/pm/pm.o
 .text.pm_bod_enable_irq
                0x00000000       0x1e src/ASF/avr32/drivers/pm/pm.o
 .text.pm_bod_disable_irq
                0x00000000       0x54 src/ASF/avr32/drivers/pm/pm.o
 .text.pm_bod_clear_irq
                0x00000000       0x1e src/ASF/avr32/drivers/pm/pm.o
 .text.pm_bod_get_irq_status
                0x00000000       0x20 src/ASF/avr32/drivers/pm/pm.o
 .text.pm_bod_get_irq_enable_bit
                0x00000000       0x20 src/ASF/avr32/drivers/pm/pm.o
 .text.pm_bod_get_level
                0x00000000       0x20 src/ASF/avr32/drivers/pm/pm.o
 .text.pm_read_gplp
                0x00000000       0x26 src/ASF/avr32/drivers/pm/pm.o
 .text.pm_write_gplp
                0x00000000       0x2c src/ASF/avr32/drivers/pm/pm.o
 .text.pm_enable_module
                0x00000000       0x56 src/ASF/avr32/drivers/pm/pm.o
 .text.pm_disable_module
                0x00000000       0x58 src/ASF/avr32/drivers/pm/pm.o
 .debug_frame   0x00000000      0x550 src/ASF/avr32/drivers/pm/pm.o
 .debug_loc     0x00000000      0x810 src/ASF/avr32/drivers/pm/pm.o
 .debug_pubnames
                0x00000000      0x3ee src/ASF/avr32/drivers/pm/pm.o
 .debug_aranges
                0x00000000      0x198 src/ASF/avr32/drivers/pm/pm.o
 .debug_ranges  0x00000000      0x190 src/ASF/avr32/drivers/pm/pm.o
 .debug_str     0x00000000      0x977 src/ASF/avr32/drivers/pm/pm.o
 .comment       0x00000000       0x31 src/ASF/avr32/drivers/pm/pm.o
 .text          0x00000000        0x0 src/ASF/avr32/drivers/pm/pm_conf_clocks.o
 .data          0x00000000        0x0 src/ASF/avr32/drivers/pm/pm_conf_clocks.o
 .bss           0x00000000        0x0 src/ASF/avr32/drivers/pm/pm_conf_clocks.o
 .debug_abbrev  0x00000000      0x185 src/ASF/avr32/drivers/pm/pm_conf_clocks.o
 .debug_info    0x00000000      0xf44 src/ASF/avr32/drivers/pm/pm_conf_clocks.o
 .debug_line    0x00000000      0x72b src/ASF/avr32/drivers/pm/pm_conf_clocks.o
 .debug_macinfo
                0x00000000    0xd602f src/ASF/avr32/drivers/pm/pm_conf_clocks.o
 .text.pm_configure_clocks
                0x00000000      0x31c src/ASF/avr32/drivers/pm/pm_conf_clocks.o
 .text.pm_configure_usb_clock
                0x00000000       0x7c src/ASF/avr32/drivers/pm/pm_conf_clocks.o
 .debug_frame   0x00000000       0x64 src/ASF/avr32/drivers/pm/pm_conf_clocks.o
 .debug_loc     0x00000000       0x56 src/ASF/avr32/drivers/pm/pm_conf_clocks.o
 .debug_pubnames
                0x00000000       0x45 src/ASF/avr32/drivers/pm/pm_conf_clocks.o
 .debug_aranges
                0x00000000       0x28 src/ASF/avr32/drivers/pm/pm_conf_clocks.o
 .debug_ranges  0x00000000       0x20 src/ASF/avr32/drivers/pm/pm_conf_clocks.o
 .debug_str     0x00000000      0x506 src/ASF/avr32/drivers/pm/pm_conf_clocks.o
 .comment       0x00000000       0x31 src/ASF/avr32/drivers/pm/pm_conf_clocks.o
 .text          0x00000000        0x0 src/ASF/avr32/drivers/pm/power_clocks_lib.o
 .data          0x00000000        0x0 src/ASF/avr32/drivers/pm/power_clocks_lib.o
 .bss           0x00000000        0x0 src/ASF/avr32/drivers/pm/power_clocks_lib.o
 .debug_abbrev  0x00000000      0x1e4 src/ASF/avr32/drivers/pm/power_clocks_lib.o
 .debug_info    0x00000000      0xf7e src/ASF/avr32/drivers/pm/power_clocks_lib.o
 .debug_line    0x00000000      0x712 src/ASF/avr32/drivers/pm/power_clocks_lib.o
 .debug_macinfo
                0x00000000    0xd60be src/ASF/avr32/drivers/pm/power_clocks_lib.o
 .text.pcl_configure_clocks
                0x00000000       0x24 src/ASF/avr32/drivers/pm/power_clocks_lib.o
 .text.pcl_switch_to_osc
                0x00000000       0x40 src/ASF/avr32/drivers/pm/power_clocks_lib.o
 .text.pcl_configure_usb_clock
                0x00000000       0x18 src/ASF/avr32/drivers/pm/power_clocks_lib.o
 .text.pcl_write_gplp
                0x00000000       0x2c src/ASF/avr32/drivers/pm/power_clocks_lib.o
 .text.pcl_read_gplp
                0x00000000       0x28 src/ASF/avr32/drivers/pm/power_clocks_lib.o
 .debug_frame   0x00000000       0x9c src/ASF/avr32/drivers/pm/power_clocks_lib.o
 .debug_loc     0x00000000       0xd7 src/ASF/avr32/drivers/pm/power_clocks_lib.o
 .debug_pubnames
                0x00000000       0x82 src/ASF/avr32/drivers/pm/power_clocks_lib.o
 .debug_aranges
                0x00000000       0x40 src/ASF/avr32/drivers/pm/power_clocks_lib.o
 .debug_ranges  0x00000000       0x38 src/ASF/avr32/drivers/pm/power_clocks_lib.o
 .debug_str     0x00000000      0x513 src/ASF/avr32/drivers/pm/power_clocks_lib.o
 .comment       0x00000000       0x31 src/ASF/avr32/drivers/pm/power_clocks_lib.o
 .text          0x00000000        0xc src/ASF/avr32/drivers/usart/usart.o
 .data          0x00000000        0x0 src/ASF/avr32/drivers/usart/usart.o
 .bss           0x00000000        0x0 src/ASF/avr32/drivers/usart/usart.o
 .text.cpu_irq_is_enabled_flags
                0x00000000       0x20 src/ASF/avr32/drivers/usart/usart.o
 .text.usart_set_async_baudrate
                0x00000000       0xd2 src/ASF/avr32/drivers/usart/usart.o
 .text.usart_set_sync_master_baudrate
                0x00000000       0x70 src/ASF/avr32/drivers/usart/usart.o
 .text.usart_set_sync_slave_baudrate
                0x00000000       0x28 src/ASF/avr32/drivers/usart/usart.o
 .text.usart_set_iso7816_clock
                0x00000000       0x72 src/ASF/avr32/drivers/usart/usart.o
 .text.usart_set_spi_master_baudrate
                0x00000000       0x70 src/ASF/avr32/drivers/usart/usart.o
 .text.usart_set_spi_slave_baudrate
                0x00000000       0x28 src/ASF/avr32/drivers/usart/usart.o
 .text.usart_reset
                0x00000000       0x74 src/ASF/avr32/drivers/usart/usart.o
 .text.usart_init_rs232
                0x00000000      0x170 src/ASF/avr32/drivers/usart/usart.o
 .text.usart_init_rs232_tx_only
                0x00000000      0x17c src/ASF/avr32/drivers/usart/usart.o
 .text.usart_init_hw_handshaking
                0x00000000       0x50 src/ASF/avr32/drivers/usart/usart.o
 .text.usart_init_modem
                0x00000000       0x54 src/ASF/avr32/drivers/usart/usart.o
 .text.usart_init_sync_master
                0x00000000      0x184 src/ASF/avr32/drivers/usart/usart.o
 .text.usart_init_sync_slave
                0x00000000      0x170 src/ASF/avr32/drivers/usart/usart.o
 .text.usart_init_rs485
                0x00000000       0x50 src/ASF/avr32/drivers/usart/usart.o
 .text.usart_init_IrDA
                0x00000000       0x6c src/ASF/avr32/drivers/usart/usart.o
 .text.usart_init_iso7816
                0x00000000      0x11c src/ASF/avr32/drivers/usart/usart.o
 .text.usart_init_lin_master
                0x00000000       0x64 src/ASF/avr32/drivers/usart/usart.o
 .text.usart_init_lin_slave
                0x00000000       0x64 src/ASF/avr32/drivers/usart/usart.o
 .text.usart_init_spi_master
                0x00000000      0x11c src/ASF/avr32/drivers/usart/usart.o
 .text.usart_init_spi_slave
                0x00000000      0x108 src/ASF/avr32/drivers/usart/usart.o
 .text.usart_spi_selectChip
                0x00000000       0x20 src/ASF/avr32/drivers/usart/usart.o
 .text.usart_spi_unselectChip
                0x00000000       0x5c src/ASF/avr32/drivers/usart/usart.o
 .text.usart_send_address
                0x00000000       0x6c src/ASF/avr32/drivers/usart/usart.o
 .text.usart_putchar
                0x00000000       0x54 src/ASF/avr32/drivers/usart/usart.o
 .text.usart_getchar
                0x00000000       0x44 src/ASF/avr32/drivers/usart/usart.o
 .text.usart_write_line
                0x00000000       0x40 src/ASF/avr32/drivers/usart/usart.o
 .text.usart_get_echo_line
                0x00000000       0x8c src/ASF/avr32/drivers/usart/usart.o
 .text          0x00000000        0x0 src/ASF/avr32/drivers/usbb/usbb_device.o
 .data          0x00000000        0x0 src/ASF/avr32/drivers/usbb/usbb_device.o
 .bss           0x00000000        0x0 src/ASF/avr32/drivers/usbb/usbb_device.o
 .text.udd_include_vbus_monitoring
                0x00000000        0xe src/ASF/avr32/drivers/usbb/usbb_device.o
 .text.udd_disable
                0x00000000       0x6c src/ASF/avr32/drivers/usbb/usbb_device.o
 .text.udd_send_remotewakeup
                0x00000000       0x40 src/ASF/avr32/drivers/usbb/usbb_device.o
 .text.udd_ep_wait_stall_clear
                0x00000000       0xc4 src/ASF/avr32/drivers/usbb/usbb_device.o
 .text          0x00000000        0x0 src/ASF/avr32/utils/startup/startup_uc3.o
 .data          0x00000000        0x0 src/ASF/avr32/utils/startup/startup_uc3.o
 .bss           0x00000000        0x0 src/ASF/avr32/utils/startup/startup_uc3.o
 .text          0x00000000        0x0 src/ASF/avr32/utils/startup/trampoline_uc3.o
 .data          0x00000000        0x0 src/ASF/avr32/utils/startup/trampoline_uc3.o
 .bss           0x00000000        0x0 src/ASF/avr32/utils/startup/trampoline_uc3.o
 .text          0x00000000        0x0 src/ASF/common/services/clock/uc3b0_b1/sysclk.o
 .data          0x00000000        0x0 src/ASF/common/services/clock/uc3b0_b1/sysclk.o
 .bss           0x00000000        0x0 src/ASF/common/services/clock/uc3b0_b1/sysclk.o
 .text.genclk_disable
                0x00000000       0x22 src/ASF/common/services/clock/uc3b0_b1/sysclk.o
 .text.sysclk_disable_hsb_module
                0x00000000       0x20 src/ASF/common/services/clock/uc3b0_b1/sysclk.o
 .text.sysclk_priv_disable_module
                0x00000000       0x74 src/ASF/common/services/clock/uc3b0_b1/sysclk.o
 .text.sysclk_disable_pbb_module
                0x00000000       0x5c src/ASF/common/services/clock/uc3b0_b1/sysclk.o
 .text.sysclk_disable_usb
                0x00000000       0x28 src/ASF/common/services/clock/uc3b0_b1/sysclk.o
 .text          0x00000000        0x0 src/ASF/common/services/sleepmgr/uc3/sleepmgr.o
 .data          0x00000000        0x0 src/ASF/common/services/sleepmgr/uc3/sleepmgr.o
 .bss           0x00000000        0x0 src/ASF/common/services/sleepmgr/uc3/sleepmgr.o
 .text          0x00000000        0x0 src/ASF/common/services/usb/class/cdc/device/udi_cdc.o
 .data          0x00000000        0x0 src/ASF/common/services/usb/class/cdc/device/udi_cdc.o
 .bss           0x00000000        0x0 src/ASF/common/services/usb/class/cdc/device/udi_cdc.o
 .text.udi_cdc_ctrl_signal_dcd
                0x00000000       0x28 src/ASF/common/services/usb/class/cdc/device/udi_cdc.o
 .text.udi_cdc_ctrl_signal_dsr
                0x00000000       0x28 src/ASF/common/services/usb/class/cdc/device/udi_cdc.o
 .text.udi_cdc_signal_parity_error
                0x00000000       0x1c src/ASF/common/services/usb/class/cdc/device/udi_cdc.o
 .text.udi_cdc_signal_overrun
                0x00000000       0x1c src/ASF/common/services/usb/class/cdc/device/udi_cdc.o
 .text.udi_cdc_multi_ctrl_signal_dcd
                0x00000000       0x34 src/ASF/common/services/usb/class/cdc/device/udi_cdc.o
 .text.udi_cdc_multi_ctrl_signal_dsr
                0x00000000       0x34 src/ASF/common/services/usb/class/cdc/device/udi_cdc.o
 .text.udi_cdc_multi_signal_framing_error
                0x00000000       0x28 src/ASF/common/services/usb/class/cdc/device/udi_cdc.o
 .text.udi_cdc_multi_signal_parity_error
                0x00000000       0x28 src/ASF/common/services/usb/class/cdc/device/udi_cdc.o
 .text.udi_cdc_multi_signal_overrun
                0x00000000       0x28 src/ASF/common/services/usb/class/cdc/device/udi_cdc.o
 .text.udi_cdc_get_nb_received_data
                0x00000000       0x18 src/ASF/common/services/usb/class/cdc/device/udi_cdc.o
 .text.udi_cdc_multi_getc
                0x00000000      0x140 src/ASF/common/services/usb/class/cdc/device/udi_cdc.o
 .text.udi_cdc_getc
                0x00000000       0x18 src/ASF/common/services/usb/class/cdc/device/udi_cdc.o
 .text.udi_cdc_get_free_tx_buffer
                0x00000000       0x18 src/ASF/common/services/usb/class/cdc/device/udi_cdc.o
 .text.udi_cdc_is_tx_ready
                0x00000000       0x18 src/ASF/common/services/usb/class/cdc/device/udi_cdc.o
 .text.udi_cdc_multi_write_buf
                0x00000000      0x18c src/ASF/common/services/usb/class/cdc/device/udi_cdc.o
 .text.udi_cdc_write_buf
                0x00000000       0x2c src/ASF/common/services/usb/class/cdc/device/udi_cdc.o
 .text          0x00000000        0x0 src/ASF/common/services/usb/class/cdc/device/udi_cdc_desc.o
 .data          0x00000000        0x0 src/ASF/common/services/usb/class/cdc/device/udi_cdc_desc.o
 .bss           0x00000000        0x0 src/ASF/common/services/usb/class/cdc/device/udi_cdc_desc.o
 .data          0x00000000        0x0 src/ASF/common/services/usb/udc/udc.o
 .bss           0x00000000        0x0 src/ASF/common/services/usb/udc/udc.o
 .text.udc_get_interface_desc
                0x00000000       0x14 src/ASF/common/services/usb/udc/udc.o
 .text.udc_stop
                0x00000000       0x1c src/ASF/common/services/usb/udc/udc.o
 .text          0x00000000        0x0 src/main.o
 .data          0x00000000        0x0 src/main.o
 .bss           0x00000000        0x0 src/main.o
 .text          0x00000000        0x0 src/uart_uc3.o
 .data          0x00000000        0x0 src/uart_uc3.o
 .bss           0x00000000        0x0 src/uart_uc3.o
 .data          0x00000000        0x0 c:/program files (x86)/atmel/atmel toolchain/avr32 gcc/native/3.4.2.1002/avr32-gnu-toolchain/bin/../lib/gcc/avr32/4.4.7/ucr1\libgcc.a(_avr32_f64_addsub.o)
 .bss           0x00000000        0x0 c:/program files (x86)/atmel/atmel toolchain/avr32 gcc/native/3.4.2.1002/avr32-gnu-toolchain/bin/../lib/gcc/avr32/4.4.7/ucr1\libgcc.a(_avr32_f64_addsub.o)
 .data          0x00000000        0x0 c:/program files (x86)/atmel/atmel toolchain/avr32 gcc/native/3.4.2.1002/avr32-gnu-toolchain/bin/../lib/gcc/avr32/4.4.7/ucr1\libgcc.a(_avr32_f64_to_s32.o)
 .bss           0x00000000        0x0 c:/program files (x86)/atmel/atmel toolchain/avr32 gcc/native/3.4.2.1002/avr32-gnu-toolchain/bin/../lib/gcc/avr32/4.4.7/ucr1\libgcc.a(_avr32_f64_to_s32.o)
 .data          0x00000000        0x0 c:/program files (x86)/atmel/atmel toolchain/avr32 gcc/native/3.4.2.1002/avr32-gnu-toolchain/bin/../lib/gcc/avr32/4.4.7/ucr1\libgcc.a(_avr32_s32_to_f64.o)
 .bss           0x00000000        0x0 c:/program files (x86)/atmel/atmel toolchain/avr32 gcc/native/3.4.2.1002/avr32-gnu-toolchain/bin/../lib/gcc/avr32/4.4.7/ucr1\libgcc.a(_avr32_s32_to_f64.o)
 .data          0x00000000        0x0 c:/program files (x86)/atmel/atmel toolchain/avr32 gcc/native/3.4.2.1002/avr32-gnu-toolchain/bin/../lib/gcc/avr32/4.4.7/../../../../avr32/lib/ucr1\libc.a(lib_a-memcpy.o)
 .bss           0x00000000        0x0 c:/program files (x86)/atmel/atmel toolchain/avr32 gcc/native/3.4.2.1002/avr32-gnu-toolchain/bin/../lib/gcc/avr32/4.4.7/../../../../avr32/lib/ucr1\libc.a(lib_a-memcpy.o)

Memory Configuration

Name             Origin             Length             Attributes
FLASH            0x80000000         0x00040000         axrl !w
INTRAM           0x00000004         0x00007ffc         axw !rl
USERPAGE         0x80800000         0x00000200
*default*        0x00000000         0xffffffff

Linker script and memory map

                0x00001000                _stack_size = 0x1000
LOAD src/ASF/common/services/usb/class/cdc/device/example/at32uc3b0256_evk1101/ui.o
LOAD src/ASF/avr32/boards/evk1101/init.o
LOAD src/ASF/avr32/boards/evk1101/led.o
LOAD src/ASF/avr32/drivers/flashc/flashc.o
LOAD src/ASF/avr32/drivers/gpio/gpio.o
LOAD src/ASF/avr32/drivers/intc/exception.o
LOAD src/ASF/avr32/drivers/intc/intc.o
LOAD src/ASF/avr32/drivers/pm/pm.o
LOAD src/ASF/avr32/drivers/pm/pm_conf_clocks.o
LOAD src/ASF/avr32/drivers/pm/power_clocks_lib.o
LOAD src/ASF/avr32/drivers/usart/usart.o
LOAD src/ASF/avr32/drivers/usbb/usbb_device.o
LOAD src/ASF/avr32/utils/startup/startup_uc3.o
LOAD src/ASF/avr32/utils/startup/trampoline_uc3.o
LOAD src/ASF/common/services/clock/uc3b0_b1/sysclk.o
LOAD src/ASF/common/services/sleepmgr/uc3/sleepmgr.o
LOAD src/ASF/common/services/usb/class/cdc/device/udi_cdc.o
LOAD src/ASF/common/services/usb/class/cdc/device/udi_cdc_desc.o
LOAD src/ASF/common/services/usb/udc/udc.o
LOAD src/main.o
LOAD src/uart_uc3.o
START GROUP
LOAD c:/program files (x86)/atmel/atmel toolchain/avr32 gcc/native/3.4.2.1002/avr32-gnu-toolchain/bin/../lib/gcc/avr32/4.4.7/../../../../avr32/lib/ucr1\libm.a
END GROUP
LOAD c:/program files (x86)/atmel/atmel toolchain/avr32 gcc/native/3.4.2.1002/avr32-gnu-toolchain/bin/../lib/gcc/avr32/4.4.7/ucr1\libgcc.a
LOAD c:/program files (x86)/atmel/atmel toolchain/avr32 gcc/native/3.4.2.1002/avr32-gnu-toolchain/bin/../lib/gcc/avr32/4.4.7/../../../../avr32/lib/ucr1\libc.a
LOAD c:/program files (x86)/atmel/atmel toolchain/avr32 gcc/native/3.4.2.1002/avr32-gnu-toolchain/bin/../lib/gcc/avr32/4.4.7/ucr1\libgcc.a
                0xffffffff                __max_heap_size__ = 0xffffffff
                [0xffffffff]                __heap_size__ = DEFINED (__heap_size__)?__heap_size__:__max_heap_size__
                [0x00001000]                __stack_size__ = DEFINED (__stack_size__)?__stack_size__:0x1000
                0x80000000                PROVIDE (__executable_start, 0x80000000)
                0x80000000                . = 0x80000000

.interp
 *(.interp)

.reset          0x80000000     0x2008
 *(.reset)
 .reset         0x80000000        0x4 src/ASF/avr32/utils/startup/startup_uc3.o
                                  0x8 (size before relaxing)
                0x80000000                _start
 .reset         0x80000004     0x2004 src/ASF/avr32/utils/startup/trampoline_uc3.o
                               0x2008 (size before relaxing)
                0x80000004                _trampoline

.hash
 *(.hash)

.dynsym
 *(.dynsym)

.dynstr
 *(.dynstr)

.gnu.version
 *(.gnu.version)

.gnu.version_d
 *(.gnu.version_d)

.gnu.version_r
 *(.gnu.version_r)

.rel.init
 *(.rel.init)

.rela.init
 *(.rela.init)

.rel.text
 *(.rel.text .rel.text.* .rel.gnu.linkonce.t.*)

.rela.text
 *(.rela.text .rela.text.* .rela.gnu.linkonce.t.*)

.rel.fini
 *(.rel.fini)

.rela.fini
 *(.rela.fini)

.rel.rodata
 *(.rel.rodata .rel.rodata.* .rel.gnu.linkonce.r.*)

.rela.rodata
 *(.rela.rodata .rela.rodata.* .rela.gnu.linkonce.r.*)

.rel.data.rel.ro
 *(.rel.data.rel.ro*)

.rela.data.rel.ro
 *(.rel.data.rel.ro*)

.rel.data
 *(.rel.data .rel.data.* .rel.gnu.linkonce.d.*)

.rela.data
 *(.rela.data .rela.data.* .rela.gnu.linkonce.d.*)

.rel.tdata
 *(.rel.tdata .rel.tdata.* .rel.gnu.linkonce.td.*)

.rela.tdata
 *(.rela.tdata .rela.tdata.* .rela.gnu.linkonce.td.*)

.rel.tbss
 *(.rel.tbss .rel.tbss.* .rel.gnu.linkonce.tb.*)

.rela.tbss
 *(.rela.tbss .rela.tbss.* .rela.gnu.linkonce.tb.*)

.rel.ctors
 *(.rel.ctors)

.rela.ctors
 *(.rela.ctors)

.rel.dtors
 *(.rel.dtors)

.rela.dtors
 *(.rela.dtors)

.rel.got
 *(.rel.got)

.rela.got       0x80002008        0x0
 *(.rela.got)
 .rela.got      0x80002008        0x0 src/ASF/avr32/drivers/flashc/flashc.o

.rel.bss
 *(.rel.bss .rel.bss.* .rel.gnu.linkonce.b.*)

.rela.bss
 *(.rela.bss .rela.bss.* .rela.gnu.linkonce.b.*)

.rel.plt
 *(.rel.plt)

.rela.plt
 *(.rela.plt)

.init
 *(.init)

.plt
 *(.plt)

.text           0x80002008     0x7268
 *(.text .stub .text.* .gnu.linkonce.t.*)
 .text.board_init
                0x80002008       0x70 src/ASF/avr32/boards/evk1101/init.o
                0x80002008                board_init
 .text.flashc_get_flash_size
                0x80002078       0x44 src/ASF/avr32/drivers/flashc/flashc.o
                0x80002078                flashc_get_flash_size
 .text.flashc_set_wait_state
                0x800020bc       0x46 src/ASF/avr32/drivers/flashc/flashc.o
                0x800020bc                flashc_set_wait_state
 *fill*         0x80002102        0x2 d703d703
 .text.flashc_set_bus_freq
                0x80002104       0x38 src/ASF/avr32/drivers/flashc/flashc.o
                0x80002104                flashc_set_bus_freq
 .text.flashc_is_ready
                0x8000213c       0x18 src/ASF/avr32/drivers/flashc/flashc.o
                0x8000213c                flashc_is_ready
 .text.flashc_default_wait_until_ready
                0x80002154       0x1c src/ASF/avr32/drivers/flashc/flashc.o
                0x80002154                flashc_default_wait_until_ready
 .text.flashc_get_error_status
                0x80002170       0x16 src/ASF/avr32/drivers/flashc/flashc.o
 *fill*         0x80002186        0x2 d703d703
 .text.flashc_issue_command
                0x80002188       0x88 src/ASF/avr32/drivers/flashc/flashc.o
                0x80002188                flashc_issue_command
 .text.flashc_clear_page_buffer
                0x80002210       0x18 src/ASF/avr32/drivers/flashc/flashc.o
                0x80002210                flashc_clear_page_buffer
 .text.flashc_is_page_erased
                0x80002228       0x1a src/ASF/avr32/drivers/flashc/flashc.o
                0x80002228                flashc_is_page_erased
 *fill*         0x80002242        0x2 d703d703
 .text.flashc_quick_page_read
                0x80002244       0x2c src/ASF/avr32/drivers/flashc/flashc.o
                0x80002244                flashc_quick_page_read
 .text.flashc_erase_page
                0x80002270       0x68 src/ASF/avr32/drivers/flashc/flashc.o
                0x80002270                flashc_erase_page
 .text.flashc_write_page
                0x800022d8       0x20 src/ASF/avr32/drivers/flashc/flashc.o
                0x800022d8                flashc_write_page
 .text.flashc_quick_user_page_read
                0x800022f8       0x24 src/ASF/avr32/drivers/flashc/flashc.o
                0x800022f8                flashc_quick_user_page_read
 .text.flashc_erase_user_page
                0x8000231c       0x3c src/ASF/avr32/drivers/flashc/flashc.o
                0x8000231c                flashc_erase_user_page
 .text.flashc_write_user_page
                0x80002358       0x18 src/ASF/avr32/drivers/flashc/flashc.o
                0x80002358                flashc_write_user_page
 .text.flashc_memset8
                0x80002370       0x50 src/ASF/avr32/drivers/flashc/flashc.o
                0x80002370                flashc_memset8
 .text.flashc_memset16
                0x800023c0       0x4c src/ASF/avr32/drivers/flashc/flashc.o
                0x800023c0                flashc_memset16
 .text.flashc_memset32
                0x8000240c       0x5c src/ASF/avr32/drivers/flashc/flashc.o
                0x8000240c                flashc_memset32
 .text.flashc_memset64
                0x80002468      0x430 src/ASF/avr32/drivers/flashc/flashc.o
                0x80002468                flashc_memset64
 .text.flashc_memcpy
                0x80002898      0x1b0 src/ASF/avr32/drivers/flashc/flashc.o
                0x80002898                flashc_memcpy
 .text.gpio_enable_module
                0x80002a48       0x70 src/ASF/avr32/drivers/gpio/gpio.o
                0x80002a48                gpio_enable_module
 .text.gpio_enable_module_pin
                0x80002ab8      0x110 src/ASF/avr32/drivers/gpio/gpio.o
                0x80002ab8                gpio_enable_module_pin
 .text.gpio_configure_pin
                0x80002bc8      0x1ae src/ASF/avr32/drivers/gpio/gpio.o
                0x80002bc8                gpio_configure_pin
 .text._unhandled_interrupt
                0x80002d76        0x8 src/ASF/avr32/drivers/intc/intc.o
 *fill*         0x80002d7e        0x2 d703d703
 .text._get_interrupt_handler
                0x80002d80       0x70 src/ASF/avr32/drivers/intc/intc.o
                0x80002d80                _get_interrupt_handler
 .text.INTC_init_evba
                0x80002df0       0x14 src/ASF/avr32/drivers/intc/intc.o
 .text.INTC_init_interrupts
                0x80002e04       0x98 src/ASF/avr32/drivers/intc/intc.o
                0x80002e04                INTC_init_interrupts
 .text.INTC_register_interrupt
                0x80002e9c       0xd4 src/ASF/avr32/drivers/intc/intc.o
                0x80002e9c                INTC_register_interrupt
 .text.usart_write_char
                0x80002f70       0x44 src/ASF/avr32/drivers/usart/usart.o
                0x80002f70                usart_write_char
 .text.usart_read_char
                0x80002fb4       0x52 src/ASF/avr32/drivers/usart/usart.o
                0x80002fb4                usart_read_char
 .text.cpu_irq_save
                0x80003006       0x1e src/ASF/avr32/drivers/usbb/usbb_device.o
 .text.cpu_irq_is_enabled_flags
                0x80003024       0x20 src/ASF/avr32/drivers/usbb/usbb_device.o
 .text.cpu_irq_restore
                0x80003044       0x28 src/ASF/avr32/drivers/usbb/usbb_device.o
 .text.sleepmgr_lock_mode
                0x8000306c       0x44 src/ASF/avr32/drivers/usbb/usbb_device.o
 .text.sleepmgr_unlock_mode
                0x800030b0       0x44 src/ASF/avr32/drivers/usbb/usbb_device.o
 .text.udd_sleep_mode
                0x800030f4       0x60 src/ASF/avr32/drivers/usbb/usbb_device.o
 .text.udd_interrupt
                0x80003154      0x1d4 src/ASF/avr32/drivers/usbb/usbb_device.o
 .text.udd_enable
                0x80003328      0x120 src/ASF/avr32/drivers/usbb/usbb_device.o
                0x80003328                udd_enable
 .text.udd_attach
                0x80003448       0xb0 src/ASF/avr32/drivers/usbb/usbb_device.o
                0x80003448                udd_attach
 .text.udd_detach
                0x800034f8       0x40 src/ASF/avr32/drivers/usbb/usbb_device.o
                0x800034f8                udd_detach
 .text.udd_is_high_speed
                0x80003538        0xe src/ASF/avr32/drivers/usbb/usbb_device.o
                0x80003538                udd_is_high_speed
 .text.udd_set_address
                0x80003546       0x4e src/ASF/avr32/drivers/usbb/usbb_device.o
                0x80003546                udd_set_address
 .text.udd_getaddress
                0x80003594       0x18 src/ASF/avr32/drivers/usbb/usbb_device.o
                0x80003594                udd_getaddress
 .text.udd_get_frame_number
                0x800035ac       0x1a src/ASF/avr32/drivers/usbb/usbb_device.o
                0x800035ac                udd_get_frame_number
 .text.udd_get_micro_frame_number
                0x800035c6       0x1a src/ASF/avr32/drivers/usbb/usbb_device.o
                0x800035c6                udd_get_micro_frame_number
 .text.udd_set_setup_payload
                0x800035e0       0x2c src/ASF/avr32/drivers/usbb/usbb_device.o
                0x800035e0                udd_set_setup_payload
 .text.udd_ep_alloc
                0x8000360c      0x350 src/ASF/avr32/drivers/usbb/usbb_device.o
                0x8000360c                udd_ep_alloc
 .text.udd_ep_free
                0x8000395c       0x9c src/ASF/avr32/drivers/usbb/usbb_device.o
                0x8000395c                udd_ep_free
 .text.udd_ep_is_halted
                0x800039f8       0x2e src/ASF/avr32/drivers/usbb/usbb_device.o
                0x800039f8                udd_ep_is_halted
 *fill*         0x80003a26        0x2 d703d703
 .text.udd_ep_set_halt
                0x80003a28      0x114 src/ASF/avr32/drivers/usbb/usbb_device.o
                0x80003a28                udd_ep_set_halt
 .text.udd_ep_clear_halt
                0x80003b3c      0x140 src/ASF/avr32/drivers/usbb/usbb_device.o
                0x80003b3c                udd_ep_clear_halt
 .text.udd_ep_run
                0x80003c7c      0x124 src/ASF/avr32/drivers/usbb/usbb_device.o
                0x80003c7c                udd_ep_run
 .text.udd_ep_abort
                0x80003da0       0x9c src/ASF/avr32/drivers/usbb/usbb_device.o
                0x80003da0                udd_ep_abort
 .text.udd_reset_ep_ctrl
                0x80003e3c       0xe4 src/ASF/avr32/drivers/usbb/usbb_device.o
 .text.udd_ctrl_init
                0x80003f20       0x58 src/ASF/avr32/drivers/usbb/usbb_device.o
 .text.udd_ctrl_setup_received
                0x80003f78      0x168 src/ASF/avr32/drivers/usbb/usbb_device.o
 .text.udd_ctrl_in_sent
                0x800040e0      0x1a0 src/ASF/avr32/drivers/usbb/usbb_device.o
 .text.udd_ctrl_out_received
                0x80004280      0x1f4 src/ASF/avr32/drivers/usbb/usbb_device.o
 .text.udd_ctrl_underflow
                0x80004474       0x44 src/ASF/avr32/drivers/usbb/usbb_device.o
 .text.udd_ctrl_overflow
                0x800044b8       0x34 src/ASF/avr32/drivers/usbb/usbb_device.o
 .text.udd_ctrl_stall_data
                0x800044ec       0x20 src/ASF/avr32/drivers/usbb/usbb_device.o
 .text.udd_ctrl_send_zlp_in
                0x8000450c       0x54 src/ASF/avr32/drivers/usbb/usbb_device.o
 .text.udd_ctrl_send_zlp_out
                0x80004560       0x44 src/ASF/avr32/drivers/usbb/usbb_device.o
 .text.udd_ctrl_endofrequest
                0x800045a4       0x1c src/ASF/avr32/drivers/usbb/usbb_device.o
 .text.udd_ctrl_interrupt
                0x800045c0       0xc8 src/ASF/avr32/drivers/usbb/usbb_device.o
 .text.udd_ep_job_table_reset
                0x80004688       0x6c src/ASF/avr32/drivers/usbb/usbb_device.o
 .text.udd_ep_job_table_kill
                0x800046f4       0x5c src/ASF/avr32/drivers/usbb/usbb_device.o
 .text.udd_ep_abort_job
                0x80004750       0x4c src/ASF/avr32/drivers/usbb/usbb_device.o
 .text.udd_ep_finish_job
                0x8000479c       0x84 src/ASF/avr32/drivers/usbb/usbb_device.o
 .text.udd_ep_trans_done
                0x80004820      0x254 src/ASF/avr32/drivers/usbb/usbb_device.o
 .text.udd_ep_interrupt
                0x80004a74      0x21c src/ASF/avr32/drivers/usbb/usbb_device.o
 .text._stext   0x80004c90       0x40 src/ASF/avr32/utils/startup/startup_uc3.o
                                 0x50 (size before relaxing)
                0x80004c90                _stext
 .text.cpu_irq_save
                0x80004cd0       0x1e src/ASF/common/services/clock/uc3b0_b1/sysclk.o
 .text.cpu_irq_is_enabled_flags
                0x80004cee       0x20 src/ASF/common/services/clock/uc3b0_b1/sysclk.o
 *fill*         0x80004d0e        0x2 d703d703
 .text.cpu_irq_restore
                0x80004d10       0x28 src/ASF/common/services/clock/uc3b0_b1/sysclk.o
 .text.osc_enable
                0x80004d38       0x90 src/ASF/common/services/clock/uc3b0_b1/sysclk.o
 .text.osc_is_ready
                0x80004dc8       0x46 src/ASF/common/services/clock/uc3b0_b1/sysclk.o
 .text.osc_get_rate
                0x80004e0e       0x36 src/ASF/common/services/clock/uc3b0_b1/sysclk.o
 .text.osc_wait_ready
                0x80004e44       0x2c src/ASF/common/services/clock/uc3b0_b1/sysclk.o
 .text.pll_config_set_option
                0x80004e70       0x30 src/ASF/common/services/clock/uc3b0_b1/sysclk.o
 .text.pll_config_init
                0x80004ea0       0xe0 src/ASF/common/services/clock/uc3b0_b1/sysclk.o
 .text.pll_enable
                0x80004f80       0x2c src/ASF/common/services/clock/uc3b0_b1/sysclk.o
 .text.pll_is_locked
                0x80004fac       0x2c src/ASF/common/services/clock/uc3b0_b1/sysclk.o
 .text.pll_enable_source
                0x80004fd8       0x6c src/ASF/common/services/clock/uc3b0_b1/sysclk.o
 .text.pll_enable_config_defaults
                0x80005044       0x74 src/ASF/common/services/clock/uc3b0_b1/sysclk.o
 .text.genclk_config_defaults
                0x800050b8       0x1e src/ASF/common/services/clock/uc3b0_b1/sysclk.o
 .text.genclk_config_set_source
                0x800050d6       0x36 src/ASF/common/services/clock/uc3b0_b1/sysclk.o
 .text.genclk_config_set_divider
                0x8000510c       0x5a src/ASF/common/services/clock/uc3b0_b1/sysclk.o
 .text.genclk_enable
                0x80005166       0x2c src/ASF/common/services/clock/uc3b0_b1/sysclk.o
 *fill*         0x80005192        0x2 d703d703
 .text.genclk_enable_source
                0x80005194       0x58 src/ASF/common/services/clock/uc3b0_b1/sysclk.o
 .text.genclk_enable_config
                0x800051ec       0x70 src/ASF/common/services/clock/uc3b0_b1/sysclk.o
 .text.sysclk_get_main_hz
                0x8000525c       0x1c src/ASF/common/services/clock/uc3b0_b1/sysclk.o
 .text.sysclk_get_cpu_hz
                0x80005278       0x18 src/ASF/common/services/clock/uc3b0_b1/sysclk.o
 .text.sysclk_enable_hsb_module
                0x80005290       0x20 src/ASF/common/services/clock/uc3b0_b1/sysclk.o
 .text.sysclk_set_prescalers
                0x800052b0       0x7e src/ASF/common/services/clock/uc3b0_b1/sysclk.o
 *fill*         0x8000532e        0x2 d703d703
 .text.sysclk_set_source
                0x80005330       0x54 src/ASF/common/services/clock/uc3b0_b1/sysclk.o
 .text.sysclk_priv_enable_module
                0x80005384       0x74 src/ASF/common/services/clock/uc3b0_b1/sysclk.o
                0x80005384                sysclk_priv_enable_module
 .text.sysclk_enable_pbb_module
                0x800053f8       0x5c src/ASF/common/services/clock/uc3b0_b1/sysclk.o
                0x800053f8                sysclk_enable_pbb_module
 .text.sysclk_enable_usb
                0x80005454       0x2c src/ASF/common/services/clock/uc3b0_b1/sysclk.o
                0x80005454                sysclk_enable_usb
 .text.sysclk_init
                0x80005480       0x40 src/ASF/common/services/clock/uc3b0_b1/sysclk.o
                0x80005480                sysclk_init
 .text.cpu_irq_save
                0x800054c0       0x1e src/ASF/common/services/usb/class/cdc/device/udi_cdc.o
 .text.cpu_irq_is_enabled_flags
                0x800054de       0x20 src/ASF/common/services/usb/class/cdc/device/udi_cdc.o
 *fill*         0x800054fe        0x2 d703d703
 .text.cpu_irq_restore
                0x80005500       0x28 src/ASF/common/services/usb/class/cdc/device/udi_cdc.o
 .text.udi_cdc_comm_enable
                0x80005528      0x1c4 src/ASF/common/services/usb/class/cdc/device/udi_cdc.o
                0x80005528                udi_cdc_comm_enable
 .text.udi_cdc_data_enable
                0x800056ec      0x118 src/ASF/common/services/usb/class/cdc/device/udi_cdc.o
                0x800056ec                udi_cdc_data_enable
 .text.udi_cdc_comm_disable
                0x80005804       0x1c src/ASF/common/services/usb/class/cdc/device/udi_cdc.o
                0x80005804                udi_cdc_comm_disable
 .text.udi_cdc_data_disable
                0x80005820       0x40 src/ASF/common/services/usb/class/cdc/device/udi_cdc.o
                0x80005820                udi_cdc_data_disable
 .text.udi_cdc_comm_setup
                0x80005860      0x104 src/ASF/common/services/usb/class/cdc/device/udi_cdc.o
                0x80005860                udi_cdc_comm_setup
 .text.udi_cdc_data_setup
                0x80005964        0xe src/ASF/common/services/usb/class/cdc/device/udi_cdc.o
                0x80005964                udi_cdc_data_setup
 .text.udi_cdc_getsetting
                0x80005972        0xe src/ASF/common/services/usb/class/cdc/device/udi_cdc.o
                0x80005972                udi_cdc_getsetting
 .text.udi_cdc_data_sof_notify
                0x80005980       0x1c src/ASF/common/services/usb/class/cdc/device/udi_cdc.o
                0x80005980                udi_cdc_data_sof_notify
 .text.udi_cdc_setup_to_port
                0x8000599c       0x34 src/ASF/common/services/usb/class/cdc/device/udi_cdc.o
 .text.udi_cdc_line_coding_received
                0x800059d0       0x40 src/ASF/common/services/usb/class/cdc/device/udi_cdc.o
 .text.udi_cdc_ctrl_state_change
                0x80005a10       0xc4 src/ASF/common/services/usb/class/cdc/device/udi_cdc.o
 .text.udi_cdc_ctrl_state_notify
                0x80005ad4       0xc4 src/ASF/common/services/usb/class/cdc/device/udi_cdc.o
 .text.udi_cdc_serial_state_msg_sent
                0x80005b98       0xb8 src/ASF/common/services/usb/class/cdc/device/udi_cdc.o
 .text.udi_cdc_rx_start
                0x80005c50      0x13c src/ASF/common/services/usb/class/cdc/device/udi_cdc.o
 .text.udi_cdc_data_received
                0x80005d8c       0xe0 src/ASF/common/services/usb/class/cdc/device/udi_cdc.o
 .text.udi_cdc_data_sent
                0x80005e6c       0x9c src/ASF/common/services/usb/class/cdc/device/udi_cdc.o
 .text.udi_cdc_tx_send
                0x80005f08      0x248 src/ASF/common/services/usb/class/cdc/device/udi_cdc.o
 .text.udi_cdc_signal_framing_error
                0x80006150       0x1c src/ASF/common/services/usb/class/cdc/device/udi_cdc.o
                0x80006150                udi_cdc_signal_framing_error
 .text.udi_cdc_multi_get_nb_received_data
                0x8000616c       0x84 src/ASF/common/services/usb/class/cdc/device/udi_cdc.o
                0x8000616c                udi_cdc_multi_get_nb_received_data
 .text.udi_cdc_multi_is_rx_ready
                0x800061f0       0x2c src/ASF/common/services/usb/class/cdc/device/udi_cdc.o
                0x800061f0                udi_cdc_multi_is_rx_ready
 .text.udi_cdc_is_rx_ready
                0x8000621c       0x18 src/ASF/common/services/usb/class/cdc/device/udi_cdc.o
                0x8000621c                udi_cdc_is_rx_ready
 .text.udi_cdc_multi_read_buf
                0x80006234      0x184 src/ASF/common/services/usb/class/cdc/device/udi_cdc.o
                0x80006234                udi_cdc_multi_read_buf
 .text.udi_cdc_read_buf
                0x800063b8       0x2c src/ASF/common/services/usb/class/cdc/device/udi_cdc.o
                0x800063b8                udi_cdc_read_buf
 .text.udi_cdc_multi_get_free_tx_buffer
                0x800063e4      0x108 src/ASF/common/services/usb/class/cdc/device/udi_cdc.o
                0x800063e4                udi_cdc_multi_get_free_tx_buffer
 .text.udi_cdc_multi_is_tx_ready
                0x800064ec       0x2c src/ASF/common/services/usb/class/cdc/device/udi_cdc.o
                0x800064ec                udi_cdc_multi_is_tx_ready
 .text.udi_cdc_multi_putc
                0x80006518      0x12c src/ASF/common/services/usb/class/cdc/device/udi_cdc.o
                0x80006518                udi_cdc_multi_putc
 .text.udi_cdc_putc
                0x80006644       0x24 src/ASF/common/services/usb/class/cdc/device/udi_cdc.o
                0x80006644                udi_cdc_putc
 .text          0x80006668       0x10 src/ASF/common/services/usb/udc/udc.o
 .text.udc_get_string_serial_name
                0x80006678       0x14 src/ASF/common/services/usb/udc/udc.o
 .text.udc_get_eof_conf
                0x8000668c       0x34 src/ASF/common/services/usb/udc/udc.o
 .text.udc_next_desc_in_iface
                0x800066c0       0x88 src/ASF/common/services/usb/udc/udc.o
 .text.udc_update_iface_desc
                0x80006748       0xb8 src/ASF/common/services/usb/udc/udc.o
 .text.udc_iface_disable
                0x80006800       0xbc src/ASF/common/services/usb/udc/udc.o
 .text.udc_iface_enable
                0x800068bc       0xc8 src/ASF/common/services/usb/udc/udc.o
 .text.udc_start
                0x80006984       0x14 src/ASF/common/services/usb/udc/udc.o
                0x80006984                udc_start
 .text.udc_reset
                0x80006998       0x60 src/ASF/common/services/usb/udc/udc.o
                0x80006998                udc_reset
 .text.udc_sof_notify
                0x800069f8       0x70 src/ASF/common/services/usb/udc/udc.o
                0x800069f8                udc_sof_notify
 .text.udc_req_std_dev_get_status
                0x80006a68       0x34 src/ASF/common/services/usb/udc/udc.o
 .text.udc_req_std_ep_get_status
                0x80006a9c       0x58 src/ASF/common/services/usb/udc/udc.o
 .text.udc_req_std_dev_clear_feature
                0x80006af4       0x40 src/ASF/common/services/usb/udc/udc.o
 .text.udc_req_std_ep_clear_feature
                0x80006b34       0x3c src/ASF/common/services/usb/udc/udc.o
 .text.udc_req_std_dev_set_feature
                0x80006b70       0x2c src/ASF/common/services/usb/udc/udc.o
 .text.udc_req_std_ep_set_feature
                0x80006b9c       0x4c src/ASF/common/services/usb/udc/udc.o
 .text.udc_valid_address
                0x80006be8       0x24 src/ASF/common/services/usb/udc/udc.o
 .text.udc_req_std_dev_set_address
                0x80006c0c       0x28 src/ASF/common/services/usb/udc/udc.o
 .text.udc_req_std_dev_get_str_desc
                0x80006c34      0x100 src/ASF/common/services/usb/udc/udc.o
 .text.udc_req_std_dev_get_descriptor
                0x80006d34       0xe4 src/ASF/common/services/usb/udc/udc.o
 .text.udc_req_std_dev_get_configuration
                0x80006e18       0x34 src/ASF/common/services/usb/udc/udc.o
 .text.udc_req_std_dev_set_configuration
                0x80006e4c       0xd0 src/ASF/common/services/usb/udc/udc.o
 .text.udc_req_std_iface_get_setting
                0x80006f1c       0xac src/ASF/common/services/usb/udc/udc.o
 .text.udc_req_std_iface_set_setting
                0x80006fc8       0x74 src/ASF/common/services/usb/udc/udc.o
 .text.udc_reqstd
                0x8000703c      0x154 src/ASF/common/services/usb/udc/udc.o
 .text.udc_req_iface
                0x80007190       0xac src/ASF/common/services/usb/udc/udc.o
 .text.udc_req_ep
                0x8000723c       0xa8 src/ASF/common/services/usb/udc/udc.o
 .text.udc_process_setup
                0x800072e4       0x98 src/ASF/common/services/usb/udc/udc.o
                0x800072e4                udc_process_setup
 .text.pm_sleep
                0x8000737c       0xa8 src/main.o
 .text.sleepmgr_sleep
                0x80007424       0x28 src/main.o
 .text.sleepmgr_init
                0x8000744c       0x44 src/main.o
 .text.sleepmgr_get_sleep_mode
                0x80007490       0x44 src/main.o
 .text.sleepmgr_enter_sleep
                0x800074d4       0x38 src/main.o
 .text.udc_attach
                0x8000750c       0x14 src/main.o
 .text.udc_detach
                0x80007520       0x14 src/main.o
 .text.main     0x80007534       0xc0 src/main.o
                0x80007534                main
 .text.main_suspend_action
                0x800075f4        0xa src/main.o
                0x800075f4                main_suspend_action
 .text.main_resume_action
                0x800075fe        0xa src/main.o
                0x800075fe                main_resume_action
 .text.main_sof_action
                0x80007608        0xa src/main.o
                0x80007608                main_sof_action
 *fill*         0x80007612        0x2 d703d703
 .text.main_cdc_enable
                0x80007614       0x30 src/main.o
                0x80007614                main_cdc_enable
 .text.main_cdc_disable
                0x80007644       0x2c src/main.o
                0x80007644                main_cdc_disable
 .text.main_cdc_set_dtr
                0x80007670       0x1a src/main.o
                0x80007670                main_cdc_set_dtr
 *fill*         0x8000768a        0x2 d703d703
 .text.main_vbus_action
                0x8000768c       0x34 src/main.o
                0x8000768c                main_vbus_action
 .text.osc_get_rate
                0x800076c0       0x36 src/uart_uc3.o
 *fill*         0x800076f6        0x2 d703d703
 .text.sysclk_get_main_hz
                0x800076f8       0x1c src/uart_uc3.o
 .text.sysclk_get_pba_hz
                0x80007714       0x18 src/uart_uc3.o
 .text.sysclk_enable_pba_module
                0x8000772c       0x20 src/uart_uc3.o
 .text.initRAM  0x8000774c       0x64 src/uart_uc3.o
                0x8000774c                initRAM
 .text.isValidInstruction
                0x800077b0       0x3a src/uart_uc3.o
                0x800077b0                isValidInstruction
 .text.calculateChecksum
                0x800077ea       0x64 src/uart_uc3.o
                0x800077ea                calculateChecksum
 *fill*         0x8000784e        0x2 d703d703
 .text.receiveUSBData
                0x80007850      0x158 src/uart_uc3.o
                0x80007850                receiveUSBData
 .text.processPacket
                0x800079a8      0x64c src/uart_uc3.o
                0x800079a8                processPacket
 .text.motorBusIntteruptController
                0x80007ff4      0x4cc src/uart_uc3.o
                0x80007ff4                motorBusIntteruptController
 .text.usart_interrupt
                0x800084c0      0x5f8 src/uart_uc3.o
 .text.usb_rx_notify
                0x80008ab8       0xb0 src/uart_uc3.o
                0x80008ab8                usb_rx_notify
 .text.uart_config
                0x80008b68       0x48 src/uart_uc3.o
                0x80008b68                uart_config
 .text.uart_open
                0x80008bb0      0x198 src/uart_uc3.o
                0x80008bb0                uart_open
 .text.uart_close
                0x80008d48       0x1c src/uart_uc3.o
                0x80008d48                uart_close
 .text          0x80008d64      0x2b0 c:/program files (x86)/atmel/atmel toolchain/avr32 gcc/native/3.4.2.1002/avr32-gnu-toolchain/bin/../lib/gcc/avr32/4.4.7/ucr1\libgcc.a(_avr32_f64_addsub.o)
                0x80008d68                __avr32_f64_sub
                0x80008f04                __avr32_f64_add
 .text          0x80009014       0x2a c:/program files (x86)/atmel/atmel toolchain/avr32 gcc/native/3.4.2.1002/avr32-gnu-toolchain/bin/../lib/gcc/avr32/4.4.7/ucr1\libgcc.a(_avr32_f64_to_s32.o)
                0x80009014                __avr32_f64_to_u32
                0x80009018                __avr32_f64_to_s32
 .text          0x8000903e       0xea c:/program files (x86)/atmel/atmel toolchain/avr32 gcc/native/3.4.2.1002/avr32-gnu-toolchain/bin/../lib/gcc/avr32/4.4.7/ucr1\libgcc.a(_avr32_s32_to_f64.o)
                0x8000903e                __avr32_u32_to_f64
                0x80009046                __avr32_s32_to_f64
 .text          0x80009128      0x148 c:/program files (x86)/atmel/atmel toolchain/avr32 gcc/native/3.4.2.1002/avr32-gnu-toolchain/bin/../lib/gcc/avr32/4.4.7/../../../../avr32/lib/ucr1\libc.a(lib_a-memcpy.o)
                0x80009128                memcpy
 *(.text.*personality*)
 *(.gnu.warning)

.exception      0x80009400      0x200
 .exception     0x80009400      0x200 src/ASF/avr32/drivers/intc/exception.o
                0x80009400                _evba
                0x80009504                _int0
                0x80009512                _int1
                0x80009520                _int2
                0x8000952e                _int3

.fini
 *(.fini)
                0x80009600                PROVIDE (__etext, .)
                0x80009600                PROVIDE (_etext, .)
                0x80009600                PROVIDE (etext, .)

.rodata         0x80009600       0xb8
 *(.rodata .rodata.* .gnu.linkonce.r.*)
 .rodata.COMPORT_GPIO_MAP.9803
                0x80009600       0x10 src/ASF/avr32/boards/evk1101/init.o
 .rodata.C.35.9763
                0x80009610       0x10 src/ASF/avr32/drivers/flashc/flashc.o
 .rodata._int_handler_table
                0x80009620       0x90 src/ASF/avr32/drivers/intc/intc.o
 .rodata.C.68.11628
                0x800096b0        0x8 src/uart_uc3.o

.rodata1
 *(.rodata1)

.eh_frame_hdr
 *(.eh_frame_hdr)

.eh_frame
 *(.eh_frame)

.gcc_except_table
 *(.gcc_except_table)
 *(.gcc_except_table.*)

.lalign         0x800096b8        0x0
                0x800096b8                . = ALIGN (0x8)
                0x800096b8                PROVIDE (_data_lma, .)
                0x00000004                . = ORIGIN (INTRAM)

.dalign         0x00000004        0x4
                0x00000008                . = ALIGN (0x8)
 *fill*         0x00000004        0x4 
                0x00000008                PROVIDE (_data, .)

.eh_frame
 *(.eh_frame)

.gcc_except_table
 *(.gcc_except_table)
 *(.gcc_except_table.*)

.tdata
 *(.tdata .tdata.* .gnu.linkonce.td.*)

.tbss
 *(.tbss .tbss.* .gnu.linkonce.tb.*)
 *(.tcommon)
                0x00000008                PROVIDE (__preinit_array_start, ALIGN (0x4))

.preinit_array
 *(.preinit_array)
                0x00000008                PROVIDE (__preinit_array_end, .)
                0x00000008                PROVIDE (__init_array_start, .)

.init_array
 *(.init_array)
                0x00000008                PROVIDE (__init_array_end, .)
                0x00000008                PROVIDE (__fini_array_start, .)

.fini_array
 *(.fini_array)
                0x00000008                PROVIDE (__fini_array_end, .)

.ctors
 *crtbegin*.o(.ctors)
 *(EXCLUDE_FILE(*crtend*.o) .ctors)
 *(SORT(.ctors.*))
 *(.ctors)

.dtors
 *crtbegin*.o(.dtors)
 *(EXCLUDE_FILE(*crtend*.o) .dtors)
 *(SORT(.dtors.*))
 *(.dtors)

.jcr
 *(.jcr)

.data.rel.ro
 *(.data.rel.ro.local)
 *(.data.rel.ro*)

.dynamic
 *(.dynamic)

.got
 *(.got.plt)
 *(.got)

.ramtext
 *(.ramtext .ramtext.*)

.ddalign        0x00000008        0x0 load address 0x800096b8
                0x00000008                . = ALIGN (0x8)

.data           0x00000008       0xdc load address 0x800096b8
 *(.data .data.* .gnu.linkonce.d.*)
 .data.flashc_wait_until_ready
                0x00000008        0x4 src/ASF/avr32/drivers/flashc/flashc.o
                0x00000008                flashc_wait_until_ready
 .data.udi_api_cdc_comm
                0x0000000c       0x14 src/ASF/common/services/usb/class/cdc/device/udi_cdc.o
                0x0000000c                udi_api_cdc_comm
 .data.udi_api_cdc_data
                0x00000020       0x14 src/ASF/common/services/usb/class/cdc/device/udi_cdc.o
                0x00000020                udi_api_cdc_data
 .data.udc_device_desc
                0x00000034       0x14 src/ASF/common/services/usb/class/cdc/device/udi_cdc_desc.o
                0x00000034                udc_device_desc
 .data.udc_desc_fs
                0x00000048       0x44 src/ASF/common/services/usb/class/cdc/device/udi_cdc_desc.o
                0x00000048                udc_desc_fs
 .data.udi_apis
                0x0000008c        0x8 src/ASF/common/services/usb/class/cdc/device/udi_cdc_desc.o
                0x0000008c                udi_apis
 .data.udc_config_fs
                0x00000094        0x8 src/ASF/common/services/usb/class/cdc/device/udi_cdc_desc.o
                0x00000094                udc_config_fs
 .data.udc_config
                0x0000009c        0x8 src/ASF/common/services/usb/class/cdc/device/udi_cdc_desc.o
                0x0000009c                udc_config
 .data.udc_string_desc_languageid
                0x000000a4        0x4 src/ASF/common/services/usb/udc/udc.o
 .data.udc_string_manufacturer_name
                0x000000a8        0xc src/ASF/common/services/usb/udc/udc.o
 .data.udc_string_product_name
                0x000000b4       0x10 src/ASF/common/services/usb/udc/udc.o
 .data.udc_string_desc
                0x000000c4       0x20 src/ASF/common/services/usb/udc/udc.o
 *(.gnu.linkonce.d.*personality*)

.data1
 *(.data1)

.balign         0x000000e4        0x4 load address 0x80009794
                0x000000e8                . = ALIGN (0x8)
 *fill*         0x000000e4        0x4 
                0x000000e8                PROVIDE (_edata, .)
                0x000000e8                PROVIDE (edata, .)
                0x000000e8                __bss_start = .

.bss            0x000000e8     0x4580
 *(.dynbss)
 *(.bss .bss.* .gnu.linkonce.b.*)
 .bss.flashc_error_status
                0x000000e8        0x4 src/ASF/avr32/drivers/flashc/flashc.o
 .bss._int_line_handler_table_0
                0x000000ec        0x4 src/ASF/avr32/drivers/intc/intc.o
 .bss._int_line_handler_table_1
                0x000000f0       0x2c src/ASF/avr32/drivers/intc/intc.o
 .bss._int_line_handler_table_2
                0x0000011c       0x18 src/ASF/avr32/drivers/intc/intc.o
 .bss._int_line_handler_table_3
                0x00000134       0x1c src/ASF/avr32/drivers/intc/intc.o
 .bss._int_line_handler_table_4
                0x00000150        0x4 src/ASF/avr32/drivers/intc/intc.o
 .bss._int_line_handler_table_5
                0x00000154        0x4 src/ASF/avr32/drivers/intc/intc.o
 .bss._int_line_handler_table_6
                0x00000158        0x4 src/ASF/avr32/drivers/intc/intc.o
 .bss._int_line_handler_table_7
                0x0000015c        0x4 src/ASF/avr32/drivers/intc/intc.o
 .bss._int_line_handler_table_8
                0x00000160        0x4 src/ASF/avr32/drivers/intc/intc.o
 .bss._int_line_handler_table_9
                0x00000164        0x4 src/ASF/avr32/drivers/intc/intc.o
 .bss._int_line_handler_table_10
                0x00000168        0x4 src/ASF/avr32/drivers/intc/intc.o
 .bss._int_line_handler_table_11
                0x0000016c        0x4 src/ASF/avr32/drivers/intc/intc.o
 .bss._int_line_handler_table_12
                0x00000170        0x4 src/ASF/avr32/drivers/intc/intc.o
 .bss._int_line_handler_table_13
                0x00000174        0x4 src/ASF/avr32/drivers/intc/intc.o
 .bss._int_line_handler_table_14
                0x00000178        0xc src/ASF/avr32/drivers/intc/intc.o
 .bss._int_line_handler_table_15
                0x00000184        0x4 src/ASF/avr32/drivers/intc/intc.o
 .bss._int_line_handler_table_16
                0x00000188        0x4 src/ASF/avr32/drivers/intc/intc.o
 .bss._int_line_handler_table_17
                0x0000018c        0x4 src/ASF/avr32/drivers/intc/intc.o
 .bss.udd_b_idle
                0x00000190        0x1 src/ASF/avr32/drivers/usbb/usbb_device.o
 *fill*         0x00000191        0x3 
 .bss.udd_ep_control_state
                0x00000194        0x4 src/ASF/avr32/drivers/usbb/usbb_device.o
 .bss.udd_ctrl_prev_payload_nb_trans
                0x00000198        0x2 src/ASF/avr32/drivers/usbb/usbb_device.o
 .bss.udd_ctrl_payload_nb_trans
                0x0000019a        0x2 src/ASF/avr32/drivers/usbb/usbb_device.o
 .bss.udd_ep_job
                0x0000019c       0x3c src/ASF/avr32/drivers/usbb/usbb_device.o
 .bss.b_shortpacket.11710
                0x000001d8        0x1 src/ASF/avr32/drivers/usbb/usbb_device.o
 .bss.sysclk_pbb_refcount
                0x000001d9        0x1 src/ASF/common/services/clock/uc3b0_b1/sysclk.o
 .bss.udi_cdc_line_coding
                0x000001da        0x7 src/ASF/common/services/usb/class/cdc/device/udi_cdc.o
 *fill*         0x000001e1        0x3 
 .bss.udi_cdc_serial_state_msg_ongoing
                0x000001e4        0x4 src/ASF/common/services/usb/class/cdc/device/udi_cdc.o
 .bss.udi_cdc_state
                0x000001e8        0x2 src/ASF/common/services/usb/class/cdc/device/udi_cdc.o
 *fill*         0x000001ea        0x2 
 .bss.uid_cdc_state_msg
                0x000001ec        0xc src/ASF/common/services/usb/class/cdc/device/udi_cdc.o
 .bss.udi_cdc_nb_comm_enabled
                0x000001f8        0x1 src/ASF/common/services/usb/class/cdc/device/udi_cdc.o
 .bss.udi_cdc_nb_data_enabled
                0x000001f9        0x1 src/ASF/common/services/usb/class/cdc/device/udi_cdc.o
 .bss.udi_cdc_data_running
                0x000001fa        0x1 src/ASF/common/services/usb/class/cdc/device/udi_cdc.o
 *fill*         0x000001fb        0x1 
 .bss.udi_cdc_rx_buf
                0x000001fc      0x280 src/ASF/common/services/usb/class/cdc/device/udi_cdc.o
 .bss.udi_cdc_rx_buf_nb
                0x0000047c        0x4 src/ASF/common/services/usb/class/cdc/device/udi_cdc.o
 .bss.udi_cdc_rx_buf_sel
                0x00000480        0x4 src/ASF/common/services/usb/class/cdc/device/udi_cdc.o
 .bss.udi_cdc_rx_pos
                0x00000484        0x2 src/ASF/common/services/usb/class/cdc/device/udi_cdc.o
 *fill*         0x00000486        0x2 
 .bss.udi_cdc_rx_trans_ongoing
                0x00000488        0x4 src/ASF/common/services/usb/class/cdc/device/udi_cdc.o
 .bss.udi_cdc_tx_buf
                0x0000048c      0x280 src/ASF/common/services/usb/class/cdc/device/udi_cdc.o
 .bss.udi_cdc_tx_buf_nb
                0x0000070c        0x4 src/ASF/common/services/usb/class/cdc/device/udi_cdc.o
 .bss.udi_cdc_tx_buf_sel
                0x00000710        0x4 src/ASF/common/services/usb/class/cdc/device/udi_cdc.o
 .bss.udi_cdc_tx_sof_num
                0x00000714        0x2 src/ASF/common/services/usb/class/cdc/device/udi_cdc.o
 *fill*         0x00000716        0x2 
 .bss.udi_cdc_tx_trans_ongoing
                0x00000718        0x4 src/ASF/common/services/usb/class/cdc/device/udi_cdc.o
 .bss.udi_cdc_tx_both_buf_to_send
                0x0000071c        0x4 src/ASF/common/services/usb/class/cdc/device/udi_cdc.o
 .bss.sof_zlp_counter.10613
                0x00000720        0x2 src/ASF/common/services/usb/class/cdc/device/udi_cdc.o
 .bss.port_notify.10419
                0x00000722        0x1 src/ASF/common/services/usb/class/cdc/device/udi_cdc.o
 *fill*         0x00000723        0x1 
 .bss.udc_device_status
                0x00000724        0x2 src/ASF/common/services/usb/udc/udc.o
 .bss.udc_num_configuration
                0x00000726        0x1 src/ASF/common/services/usb/udc/udc.o
 *fill*         0x00000727        0x1 
 .bss.udc_ptr_conf
                0x00000728        0x4 src/ASF/common/services/usb/udc/udc.o
 .bss.udc_ptr_iface
                0x0000072c        0x4 src/ASF/common/services/usb/udc/udc.o
 .bss.udc_iface_setting.10431
                0x00000730        0x1 src/ASF/common/services/usb/udc/udc.o
 *fill*         0x00000731        0x1 
 .bss.udc_ep_status.10210
                0x00000732        0x2 src/ASF/common/services/usb/udc/udc.o
 .bss.main_b_cdc_enable
                0x00000734        0x1 src/main.o
 *fill*         0x00000735        0x3 
 .bss.usart_options
                0x00000738        0xc src/uart_uc3.o
 .bss.txCircBuffer
                0x00000744     0x1f68 src/uart_uc3.o
 .bss.rxCircBuffer
                0x000026ac     0x1f68 src/uart_uc3.o
 .bss.txHead    0x00004614        0x4 src/uart_uc3.o
 .bss.txTail    0x00004618        0x4 src/uart_uc3.o
 .bss.txPosition
                0x0000461c        0x8 src/uart_uc3.o
 .bss.rxHead    0x00004624        0x4 src/uart_uc3.o
 .bss.rxTail    0x00004628        0x4 src/uart_uc3.o
 .bss.rxPosition
                0x0000462c        0x8 src/uart_uc3.o
 .bss.BUS       0x00004634       0x10 src/uart_uc3.o
 .bss.readUSB   0x00004644        0x1 src/uart_uc3.o
                0x00004644                readUSB
 .bss.triggerUSART
                0x00004645        0x1 src/uart_uc3.o
                0x00004645                triggerUSART
 *(COMMON)
 *fill*         0x00004646        0x2 
 COMMON         0x00004648       0x18 src/ASF/avr32/drivers/usbb/usbb_device.o
                0x00004648                udd_g_ctrlreq
 COMMON         0x00004660        0x7 src/ASF/common/services/sleepmgr/uc3/sleepmgr.o
                0x00004660                sleepmgr_locks
                0x00004668                . = ALIGN (0x8)
 *fill*         0x00004667        0x1 
                0x00004668                . = ALIGN (0x8)
                0x00004668                _end = .
                0x00004668                PROVIDE (end, .)
                0x00004668                __heap_start__ = ALIGN (0x8)

.heap           0x00004668     0x2998
 *(.heap)
                0x00002998                . = (__heap_size__ == __max_heap_size__)?(((ORIGIN (INTRAM) + 0x7ffc) - __stack_size__) - ABSOLUTE (.)):__heap_size__
 *fill*         0x00004668     0x2998 
                0x00007000                __heap_end__ = .

.stab
 *(.stab)

.stabstr
 *(.stabstr)

.stab.excl
 *(.stab.excl)

.stab.exclstr
 *(.stab.exclstr)

.stab.index
 *(.stab.index)

.stab.indexstr
 *(.stab.indexstr)

.comment        0x00000000       0x30
 *(.comment)
 .comment       0x00000000       0x30 src/ASF/avr32/boards/evk1101/init.o
                                 0x31 (size before relaxing)
 .comment       0x00000000       0x31 src/ASF/avr32/drivers/flashc/flashc.o
 .comment       0x00000000       0x31 src/ASF/avr32/drivers/gpio/gpio.o
 .comment       0x00000000       0x31 src/ASF/avr32/drivers/intc/intc.o
 .comment       0x00000000       0x31 src/ASF/avr32/drivers/usart/usart.o
 .comment       0x00000000       0x31 src/ASF/avr32/drivers/usbb/usbb_device.o
 .comment       0x00000000       0x31 src/ASF/common/services/clock/uc3b0_b1/sysclk.o
 .comment       0x00000000       0x31 src/ASF/common/services/sleepmgr/uc3/sleepmgr.o
 .comment       0x00000000       0x31 src/ASF/common/services/usb/class/cdc/device/udi_cdc.o
 .comment       0x00000000       0x31 src/ASF/common/services/usb/class/cdc/device/udi_cdc_desc.o
 .comment       0x00000000       0x31 src/ASF/common/services/usb/udc/udc.o
 .comment       0x00000000       0x31 src/main.o
 .comment       0x00000000       0x31 src/uart_uc3.o

.debug
 *(.debug)

.line
 *(.line)

.debug_srcinfo
 *(.debug_srcinfo)

.debug_sfnames
 *(.debug_sfnames)

.debug_aranges  0x00000000      0xb40
 *(.debug_aranges)
 .debug_aranges
                0x00000000       0x20 src/ASF/avr32/boards/evk1101/init.o
 .debug_aranges
                0x00000020      0x220 src/ASF/avr32/drivers/flashc/flashc.o
 .debug_aranges
                0x00000240      0x108 src/ASF/avr32/drivers/gpio/gpio.o
 .debug_aranges
                0x00000348       0x20 src/ASF/avr32/drivers/intc/exception.o
 .debug_aranges
                0x00000368       0x40 src/ASF/avr32/drivers/intc/intc.o
 .debug_aranges
                0x000003a8      0x108 src/ASF/avr32/drivers/usart/usart.o
 .debug_aranges
                0x000004b0      0x180 src/ASF/avr32/drivers/usbb/usbb_device.o
 .debug_aranges
                0x00000630       0x28 src/ASF/avr32/utils/startup/startup_uc3.o
 .debug_aranges
                0x00000658       0x20 src/ASF/avr32/utils/startup/trampoline_uc3.o
 .debug_aranges
                0x00000678      0x120 src/ASF/common/services/clock/uc3b0_b1/sysclk.o
 .debug_aranges
                0x00000798      0x188 src/ASF/common/services/usb/class/cdc/device/udi_cdc.o
 .debug_aranges
                0x00000920      0x100 src/ASF/common/services/usb/udc/udc.o
 .debug_aranges
                0x00000a20       0x90 src/main.o
 .debug_aranges
                0x00000ab0       0x90 src/uart_uc3.o

.debug_pubnames
                0x00000000     0x1674
 *(.debug_pubnames)
 .debug_pubnames
                0x00000000       0x21 src/ASF/avr32/boards/evk1101/init.o
 .debug_pubnames
                0x00000021      0x771 src/ASF/avr32/drivers/flashc/flashc.o
 .debug_pubnames
                0x00000792      0x330 src/ASF/avr32/drivers/gpio/gpio.o
 .debug_pubnames
                0x00000ac2       0x62 src/ASF/avr32/drivers/intc/intc.o
 .debug_pubnames
                0x00000b24      0x227 src/ASF/avr32/drivers/usart/usart.o
 .debug_pubnames
                0x00000d4b      0x1c6 src/ASF/avr32/drivers/usbb/usbb_device.o
 .debug_pubnames
                0x00000f11       0xc7 src/ASF/common/services/clock/uc3b0_b1/sysclk.o
 .debug_pubnames
                0x00000fd8       0x25 src/ASF/common/services/sleepmgr/uc3/sleepmgr.o
 .debug_pubnames
                0x00000ffd      0x3ef src/ASF/common/services/usb/class/cdc/device/udi_cdc.o
 .debug_pubnames
                0x000013ec       0x64 src/ASF/common/services/usb/class/cdc/device/udi_cdc_desc.o
 .debug_pubnames
                0x00001450       0x7f src/ASF/common/services/usb/udc/udc.o
 .debug_pubnames
                0x000014cf       0xb1 src/main.o
 .debug_pubnames
                0x00001580       0xf4 src/uart_uc3.o

.debug_info     0x00000000    0x17507
 *(.debug_info .gnu.linkonce.wi.*)
 .debug_info    0x00000000      0x103 src/ASF/avr32/boards/evk1101/init.o
 .debug_info    0x00000103     0x1c23 src/ASF/avr32/drivers/flashc/flashc.o
 .debug_info    0x00001d26      0xb34 src/ASF/avr32/drivers/gpio/gpio.o
 .debug_info    0x0000285a       0x6f src/ASF/avr32/drivers/intc/exception.o
 .debug_info    0x000028c9      0x586 src/ASF/avr32/drivers/intc/intc.o
 .debug_info    0x00002e4f     0x1d7a src/ASF/avr32/drivers/usart/usart.o
 .debug_info    0x00004bc9     0xd134 src/ASF/avr32/drivers/usbb/usbb_device.o
 .debug_info    0x00011cfd       0x6e src/ASF/avr32/utils/startup/startup_uc3.o
 .debug_info    0x00011d6b       0x75 src/ASF/avr32/utils/startup/trampoline_uc3.o
 .debug_info    0x00011de0     0x1577 src/ASF/common/services/clock/uc3b0_b1/sysclk.o
 .debug_info    0x00013357       0xf9 src/ASF/common/services/sleepmgr/uc3/sleepmgr.o
 .debug_info    0x00013450     0x1032 src/ASF/common/services/usb/class/cdc/device/udi_cdc.o
 .debug_info    0x00014482      0x763 src/ASF/common/services/usb/class/cdc/device/udi_cdc_desc.o
 .debug_info    0x00014be5      0xc55 src/ASF/common/services/usb/udc/udc.o
 .debug_info    0x0001583a      0x337 src/main.o
 .debug_info    0x00015b71     0x1996 src/uart_uc3.o

.debug_abbrev   0x00000000     0x191d
 *(.debug_abbrev)
 .debug_abbrev  0x00000000       0xae src/ASF/avr32/boards/evk1101/init.o
 .debug_abbrev  0x000000ae      0x285 src/ASF/avr32/drivers/flashc/flashc.o
 .debug_abbrev  0x00000333      0x1d6 src/ASF/avr32/drivers/gpio/gpio.o
 .debug_abbrev  0x00000509       0x14 src/ASF/avr32/drivers/intc/exception.o
 .debug_abbrev  0x0000051d      0x1b6 src/ASF/avr32/drivers/intc/intc.o
 .debug_abbrev  0x000006d3      0x270 src/ASF/avr32/drivers/usart/usart.o
 .debug_abbrev  0x00000943      0x34e src/ASF/avr32/drivers/usbb/usbb_device.o
 .debug_abbrev  0x00000c91       0x12 src/ASF/avr32/utils/startup/startup_uc3.o
 .debug_abbrev  0x00000ca3       0x14 src/ASF/avr32/utils/startup/trampoline_uc3.o
 .debug_abbrev  0x00000cb7      0x255 src/ASF/common/services/clock/uc3b0_b1/sysclk.o
 .debug_abbrev  0x00000f0c       0x7d src/ASF/common/services/sleepmgr/uc3/sleepmgr.o
 .debug_abbrev  0x00000f89      0x241 src/ASF/common/services/usb/class/cdc/device/udi_cdc.o
 .debug_abbrev  0x000011ca       0xfb src/ASF/common/services/usb/class/cdc/device/udi_cdc_desc.o
 .debug_abbrev  0x000012c5      0x219 src/ASF/common/services/usb/udc/udc.o
 .debug_abbrev  0x000014de      0x15c src/main.o
 .debug_abbrev  0x0000163a      0x2e3 src/uart_uc3.o

.debug_line     0x00000000     0x8b1f
 *(.debug_line)
 .debug_line    0x00000000      0x723 src/ASF/avr32/boards/evk1101/init.o
 .debug_line    0x00000723      0xc6e src/ASF/avr32/drivers/flashc/flashc.o
 .debug_line    0x00001391      0x96c src/ASF/avr32/drivers/gpio/gpio.o
 .debug_line    0x00001cfd      0x109 src/ASF/avr32/drivers/intc/exception.o
 .debug_line    0x00001e06      0x6eb src/ASF/avr32/drivers/intc/intc.o
 .debug_line    0x000024f1      0xa5d src/ASF/avr32/drivers/usart/usart.o
 .debug_line    0x00002f4e      0xf7d src/ASF/avr32/drivers/usbb/usbb_device.o
 .debug_line    0x00003ecb       0xf2 src/ASF/avr32/utils/startup/startup_uc3.o
 .debug_line    0x00003fbd       0x67 src/ASF/avr32/utils/startup/trampoline_uc3.o
 .debug_line    0x00004024      0xac4 src/ASF/common/services/clock/uc3b0_b1/sysclk.o
 .debug_line    0x00004ae8      0x720 src/ASF/common/services/sleepmgr/uc3/sleepmgr.o
 .debug_line    0x00005208      0xd01 src/ASF/common/services/usb/class/cdc/device/udi_cdc.o
 .debug_line    0x00005f09      0x80e src/ASF/common/services/usb/class/cdc/device/udi_cdc_desc.o
 .debug_line    0x00006717      0xb51 src/ASF/common/services/usb/udc/udc.o
 .debug_line    0x00007268      0xb7e src/main.o
 .debug_line    0x00007de6      0xd39 src/uart_uc3.o

.debug_frame    0x00000000     0x2394
 *(.debug_frame)
 .debug_frame   0x00000000       0x2c src/ASF/avr32/boards/evk1101/init.o
 .debug_frame   0x0000002c      0x780 src/ASF/avr32/drivers/flashc/flashc.o
 .debug_frame   0x000007ac      0x358 src/ASF/avr32/drivers/gpio/gpio.o
 .debug_frame   0x00000b04       0x9c src/ASF/avr32/drivers/intc/intc.o
 .debug_frame   0x00000ba0      0x358 src/ASF/avr32/drivers/usart/usart.o
 .debug_frame   0x00000ef8      0x4fc src/ASF/avr32/drivers/usbb/usbb_device.o
 .debug_frame   0x000013f4      0x3ac src/ASF/common/services/clock/uc3b0_b1/sysclk.o
 .debug_frame   0x000017a0      0x52c src/ASF/common/services/usb/class/cdc/device/udi_cdc.o
 .debug_frame   0x00001ccc      0x33c src/ASF/common/services/usb/udc/udc.o
 .debug_frame   0x00002008      0x1b4 src/main.o
 .debug_frame   0x000021bc      0x1d8 src/uart_uc3.o

.debug_str      0x00000000     0x6e05
 *(.debug_str)
 .debug_str     0x00000000       0xe1 src/ASF/avr32/boards/evk1101/init.o
                                0x11a (size before relaxing)
 .debug_str     0x000000e1      0xa8f src/ASF/avr32/drivers/flashc/flashc.o
                                0xc1d (size before relaxing)
 .debug_str     0x00000b70      0x413 src/ASF/avr32/drivers/gpio/gpio.o
                                0x50b (size before relaxing)
 .debug_str     0x00000f83      0x347 src/ASF/avr32/drivers/intc/intc.o
                                0x429 (size before relaxing)
 .debug_str     0x000012ca      0x7cc src/ASF/avr32/drivers/usart/usart.o
                                0x8de (size before relaxing)
 .debug_str     0x00001a96     0x38ec src/ASF/avr32/drivers/usbb/usbb_device.o
                               0x3c3f (size before relaxing)
 .debug_str     0x00005382      0x38d src/ASF/common/services/clock/uc3b0_b1/sysclk.o
                                0x826 (size before relaxing)
 .debug_str     0x0000570f       0x33 src/ASF/common/services/sleepmgr/uc3/sleepmgr.o
                                0x19f (size before relaxing)
 .debug_str     0x00005742      0x80a src/ASF/common/services/usb/class/cdc/device/udi_cdc.o
                                0xa64 (size before relaxing)
 .debug_str     0x00005f4c      0x48f src/ASF/common/services/usb/class/cdc/device/udi_cdc_desc.o
                                0x657 (size before relaxing)
 .debug_str     0x000063db      0x687 src/ASF/common/services/usb/udc/udc.o
                                0xb2f (size before relaxing)
 .debug_str     0x00006a62      0x131 src/main.o
                                0x2b2 (size before relaxing)
 .debug_str     0x00006b93      0x272 src/uart_uc3.o
                                0x86f (size before relaxing)

.debug_loc      0x00000000     0x34be
 *(.debug_loc)
 .debug_loc     0x00000000       0x2b src/ASF/avr32/boards/evk1101/init.o
 .debug_loc     0x0000002b      0xaeb src/ASF/avr32/drivers/flashc/flashc.o
 .debug_loc     0x00000b16      0x50a src/ASF/avr32/drivers/gpio/gpio.o
 .debug_loc     0x00001020       0xd7 src/ASF/avr32/drivers/intc/intc.o
 .debug_loc     0x000010f7      0x50a src/ASF/avr32/drivers/usart/usart.o
 .debug_loc     0x00001601      0x78f src/ASF/avr32/drivers/usbb/usbb_device.o
 .debug_loc     0x00001d90      0x58b src/ASF/common/services/clock/uc3b0_b1/sysclk.o
 .debug_loc     0x0000231b      0x7ba src/ASF/common/services/usb/class/cdc/device/udi_cdc.o
 .debug_loc     0x00002ad5      0x4df src/ASF/common/services/usb/udc/udc.o
 .debug_loc     0x00002fb4      0x285 src/main.o
 .debug_loc     0x00003239      0x285 src/uart_uc3.o

.debug_macinfo  0x00000000   0xb096de
 *(.debug_macinfo)
 .debug_macinfo
                0x00000000    0xd794c src/ASF/avr32/boards/evk1101/init.o
 .debug_macinfo
                0x000d794c    0xd6095 src/ASF/avr32/drivers/flashc/flashc.o
 .debug_macinfo
                0x001ad9e1    0xd6173 src/ASF/avr32/drivers/gpio/gpio.o
 .debug_macinfo
                0x00283b54    0xd6220 src/ASF/avr32/drivers/intc/intc.o
 .debug_macinfo
                0x00359d74    0xd6384 src/ASF/avr32/drivers/usart/usart.o
 .debug_macinfo
                0x004300f8    0xe0876 src/ASF/avr32/drivers/usbb/usbb_device.o
 .debug_macinfo
                0x0051096e    0xd893e src/ASF/common/services/clock/uc3b0_b1/sysclk.o
 .debug_macinfo
                0x005e92ac    0xd6068 src/ASF/common/services/sleepmgr/uc3/sleepmgr.o
 .debug_macinfo
                0x006bf314    0xdb735 src/ASF/common/services/usb/class/cdc/device/udi_cdc.o
 .debug_macinfo
                0x0079aa49    0xdb1e5 src/ASF/common/services/usb/class/cdc/device/udi_cdc_desc.o
 .debug_macinfo
                0x00875c2e    0xd9d48 src/ASF/common/services/usb/udc/udc.o
 .debug_macinfo
                0x0094f976    0xdcb04 src/main.o
 .debug_macinfo
                0x00a2c47a    0xdd264 src/uart_uc3.o

.debug_weaknames
 *(.debug_weaknames)

.debug_funcnames
 *(.debug_funcnames)

.debug_typenames
 *(.debug_typenames)

.debug_varnames
 *(.debug_varnames)

.stack          0x00007000     0x1000
                0x00007000                _stack = .
 *(.stack)
                0x00001000                . = __stack_size__
 *fill*         0x00007000     0x1000 
                0x00008000                _estack = .

.userpage       0x80800000        0x8
 *(.userpage .userpage.*)
 .userpage      0x80800000        0x8 src/uart_uc3.o
                0x80800000                RAM

/DISCARD/
 *(.note.GNU-stack)
OUTPUT(TAJ3850.elf elf32-avr32)

.debug_ranges   0x00000000      0xab8
 .debug_ranges  0x00000000       0x18 src/ASF/avr32/boards/evk1101/init.o
 .debug_ranges  0x00000018      0x218 src/ASF/avr32/drivers/flashc/flashc.o
 .debug_ranges  0x00000230      0x100 src/ASF/avr32/drivers/gpio/gpio.o
 .debug_ranges  0x00000330       0x38 src/ASF/avr32/drivers/intc/intc.o
 .debug_ranges  0x00000368      0x100 src/ASF/avr32/drivers/usart/usart.o
 .debug_ranges  0x00000468      0x178 src/ASF/avr32/drivers/usbb/usbb_device.o
 .debug_ranges  0x000005e0       0x20 src/ASF/avr32/utils/startup/startup_uc3.o
 .debug_ranges  0x00000600      0x118 src/ASF/common/services/clock/uc3b0_b1/sysclk.o
 .debug_ranges  0x00000718      0x180 src/ASF/common/services/usb/class/cdc/device/udi_cdc.o
 .debug_ranges  0x00000898      0x110 src/ASF/common/services/usb/udc/udc.o
 .debug_ranges  0x000009a8       0x88 src/main.o
 .debug_ranges  0x00000a30       0x88 src/uart_uc3.o
